Archive member included to satisfy reference by file (symbol)

/usr/lib/gcc/arm-none-eabi/8.3.1/../../../arm-none-eabi/lib/thumb/v7e-m+fp/hard/libc_nano.a(lib_a-atexit.o)
                              /usr/lib/gcc/arm-none-eabi/8.3.1/../../../arm-none-eabi/lib/thumb/v7e-m+fp/hard/crt0.o (atexit)
/usr/lib/gcc/arm-none-eabi/8.3.1/../../../arm-none-eabi/lib/thumb/v7e-m+fp/hard/libc_nano.a(lib_a-exit.o)
                              /usr/lib/gcc/arm-none-eabi/8.3.1/../../../arm-none-eabi/lib/thumb/v7e-m+fp/hard/crt0.o (exit)
/usr/lib/gcc/arm-none-eabi/8.3.1/../../../arm-none-eabi/lib/thumb/v7e-m+fp/hard/libc_nano.a(lib_a-fini.o)
                              /usr/lib/gcc/arm-none-eabi/8.3.1/../../../arm-none-eabi/lib/thumb/v7e-m+fp/hard/crt0.o (__libc_fini_array)
/usr/lib/gcc/arm-none-eabi/8.3.1/../../../arm-none-eabi/lib/thumb/v7e-m+fp/hard/libc_nano.a(lib_a-impure.o)
                              /usr/lib/gcc/arm-none-eabi/8.3.1/../../../arm-none-eabi/lib/thumb/v7e-m+fp/hard/libc_nano.a(lib_a-exit.o) (_global_impure_ptr)
/usr/lib/gcc/arm-none-eabi/8.3.1/../../../arm-none-eabi/lib/thumb/v7e-m+fp/hard/libc_nano.a(lib_a-init.o)
                              /usr/lib/gcc/arm-none-eabi/8.3.1/../../../arm-none-eabi/lib/thumb/v7e-m+fp/hard/crt0.o (__libc_init_array)
/usr/lib/gcc/arm-none-eabi/8.3.1/../../../arm-none-eabi/lib/thumb/v7e-m+fp/hard/libc_nano.a(lib_a-memset.o)
                              /usr/lib/gcc/arm-none-eabi/8.3.1/../../../arm-none-eabi/lib/thumb/v7e-m+fp/hard/crt0.o (memset)
/usr/lib/gcc/arm-none-eabi/8.3.1/../../../arm-none-eabi/lib/thumb/v7e-m+fp/hard/libc_nano.a(lib_a-__atexit.o)
                              /usr/lib/gcc/arm-none-eabi/8.3.1/../../../arm-none-eabi/lib/thumb/v7e-m+fp/hard/libc_nano.a(lib_a-atexit.o) (__register_exitproc)
/usr/lib/gcc/arm-none-eabi/8.3.1/../../../arm-none-eabi/lib/thumb/v7e-m+fp/hard/libc_nano.a(lib_a-__call_atexit.o)
                              /usr/lib/gcc/arm-none-eabi/8.3.1/../../../arm-none-eabi/lib/thumb/v7e-m+fp/hard/libc_nano.a(lib_a-__atexit.o) (__call_exitprocs)
/usr/lib/gcc/arm-none-eabi/8.3.1/../../../arm-none-eabi/lib/thumb/v7e-m+fp/hard/libnosys.a(_exit.o)
                              /usr/lib/gcc/arm-none-eabi/8.3.1/../../../arm-none-eabi/lib/thumb/v7e-m+fp/hard/libc_nano.a(lib_a-exit.o) (_exit)

Allocating common symbols
Common symbol       size              file

uwTick              0x4               build/stm32f3xx_hal.o
pFlash              0x20              build/stm32f3xx_hal_flash.o
htim3               0x4c              build/main.o
htim1               0x4c              build/main.o
hspi1               0x64              build/main.o
hdma_spi1_tx        0x44              build/main.o

Discarded input sections

 .text          0x0000000000000000        0x0 /usr/lib/gcc/arm-none-eabi/8.3.1/thumb/v7e-m+fp/hard/crti.o
 .data          0x0000000000000000        0x0 /usr/lib/gcc/arm-none-eabi/8.3.1/thumb/v7e-m+fp/hard/crti.o
 .bss           0x0000000000000000        0x0 /usr/lib/gcc/arm-none-eabi/8.3.1/thumb/v7e-m+fp/hard/crti.o
 .data          0x0000000000000000        0x4 /usr/lib/gcc/arm-none-eabi/8.3.1/thumb/v7e-m+fp/hard/crtbegin.o
 .text          0x0000000000000000       0x70 /usr/lib/gcc/arm-none-eabi/8.3.1/../../../arm-none-eabi/lib/thumb/v7e-m+fp/hard/crt0.o
 .data          0x0000000000000000        0x0 /usr/lib/gcc/arm-none-eabi/8.3.1/../../../arm-none-eabi/lib/thumb/v7e-m+fp/hard/crt0.o
 .bss           0x0000000000000000        0x0 /usr/lib/gcc/arm-none-eabi/8.3.1/../../../arm-none-eabi/lib/thumb/v7e-m+fp/hard/crt0.o
 .ARM.extab     0x0000000000000000        0x0 /usr/lib/gcc/arm-none-eabi/8.3.1/../../../arm-none-eabi/lib/thumb/v7e-m+fp/hard/crt0.o
 .ARM.exidx     0x0000000000000000       0x10 /usr/lib/gcc/arm-none-eabi/8.3.1/../../../arm-none-eabi/lib/thumb/v7e-m+fp/hard/crt0.o
 .debug_line    0x0000000000000000       0x87 /usr/lib/gcc/arm-none-eabi/8.3.1/../../../arm-none-eabi/lib/thumb/v7e-m+fp/hard/crt0.o
 .debug_info    0x0000000000000000       0x26 /usr/lib/gcc/arm-none-eabi/8.3.1/../../../arm-none-eabi/lib/thumb/v7e-m+fp/hard/crt0.o
 .debug_abbrev  0x0000000000000000       0x14 /usr/lib/gcc/arm-none-eabi/8.3.1/../../../arm-none-eabi/lib/thumb/v7e-m+fp/hard/crt0.o
 .debug_aranges
                0x0000000000000000       0x20 /usr/lib/gcc/arm-none-eabi/8.3.1/../../../arm-none-eabi/lib/thumb/v7e-m+fp/hard/crt0.o
 .debug_str     0x0000000000000000       0x9b /usr/lib/gcc/arm-none-eabi/8.3.1/../../../arm-none-eabi/lib/thumb/v7e-m+fp/hard/crt0.o
 .ARM.attributes
                0x0000000000000000       0x1c /usr/lib/gcc/arm-none-eabi/8.3.1/../../../arm-none-eabi/lib/thumb/v7e-m+fp/hard/crt0.o
 .text          0x0000000000000000        0x0 build/gdi.o
 .data          0x0000000000000000        0x0 build/gdi.o
 .bss           0x0000000000000000        0x0 build/gdi.o
 .text          0x0000000000000000        0x0 build/main.o
 .data          0x0000000000000000        0x0 build/main.o
[...]
Memory Configuration

Name             Origin             Length             Attributes
RAM              0x0000000020000000 0x0000000000010000 xrw
CCMRAM           0x0000000010000000 0x0000000000004000 xrw
FLASH            0x0000000008000000 0x0000000000080000 xr
*default*        0x0000000000000000 0xffffffffffffffff

Linker script and memory map

LOAD /usr/lib/gcc/arm-none-eabi/8.3.1/thumb/v7e-m+fp/hard/crti.o
LOAD /usr/lib/gcc/arm-none-eabi/8.3.1/thumb/v7e-m+fp/hard/crtbegin.o
LOAD /usr/lib/gcc/arm-none-eabi/8.3.1/../../../arm-none-eabi/lib/thumb/v7e-m+fp/hard/crt0.o
LOAD build/gdi.o
LOAD build/main.o
LOAD build/stm32f3xx_it.o
LOAD build/stm32f3xx_hal_msp.o
LOAD build/stm32f3xx_hal.o
LOAD build/stm32f3xx_hal_rcc.o
LOAD build/stm32f3xx_hal_rcc_ex.o
LOAD build/stm32f3xx_hal_gpio.o
LOAD build/stm32f3xx_hal_dma.o
LOAD build/stm32f3xx_hal_cortex.o
LOAD build/stm32f3xx_hal_pwr.o
LOAD build/stm32f3xx_hal_pwr_ex.o
LOAD build/stm32f3xx_hal_flash.o
LOAD build/stm32f3xx_hal_flash_ex.o
LOAD build/stm32f3xx_hal_i2c.o
LOAD build/stm32f3xx_hal_i2c_ex.o
LOAD build/stm32f3xx_hal_exti.o
LOAD build/stm32f3xx_hal_spi.o
LOAD build/stm32f3xx_hal_spi_ex.o
LOAD build/stm32f3xx_hal_tim.o
LOAD build/stm32f3xx_hal_tim_ex.o
LOAD build/system_stm32f3xx.o
LOAD build/startup_stm32f303xe.o
LOAD /usr/lib/gcc/arm-none-eabi/8.3.1/../../../arm-none-eabi/lib/thumb/v7e-m+fp/hard/libc_nano.a
LOAD /usr/lib/gcc/arm-none-eabi/8.3.1/../../../arm-none-eabi/lib/thumb/v7e-m+fp/hard/libm.a
LOAD /usr/lib/gcc/arm-none-eabi/8.3.1/../../../arm-none-eabi/lib/thumb/v7e-m+fp/hard/libnosys.a
START GROUP
LOAD /usr/lib/gcc/arm-none-eabi/8.3.1/thumb/v7e-m+fp/hard/libgcc.a
LOAD /usr/lib/gcc/arm-none-eabi/8.3.1/../../../arm-none-eabi/lib/thumb/v7e-m+fp/hard/libc_nano.a
END GROUP
START GROUP
LOAD /usr/lib/gcc/arm-none-eabi/8.3.1/thumb/v7e-m+fp/hard/libgcc.a
LOAD /usr/lib/gcc/arm-none-eabi/8.3.1/../../../arm-none-eabi/lib/thumb/v7e-m+fp/hard/libc_nano.a
END GROUP
LOAD /usr/lib/gcc/arm-none-eabi/8.3.1/thumb/v7e-m+fp/hard/crtend.o
LOAD /usr/lib/gcc/arm-none-eabi/8.3.1/thumb/v7e-m+fp/hard/crtn.o
                0x0000000020010000                _estack = (ORIGIN (RAM) + LENGTH (RAM))
                0x0000000000000200                _Min_Heap_Size = 0x200
                0x0000000000000400                _Min_Stack_Size = 0x400

.isr_vector     0x0000000008000000      0x194
                0x0000000008000000                . = ALIGN (0x4)
 *(.isr_vector)
 .isr_vector    0x0000000008000000      0x194 build/startup_stm32f303xe.o
                0x0000000008000000                g_pfnVectors
                0x0000000008000194                . = ALIGN (0x4)

.text           0x0000000008000194     0x28f4
                0x0000000008000194                . = ALIGN (0x4)
 *(.text)
 .text          0x0000000008000194       0x88 /usr/lib/gcc/arm-none-eabi/8.3.1/thumb/v7e-m+fp/hard/crtbegin.o
 .text          0x000000000800021c       0x48 /usr/lib/gcc/arm-none-eabi/8.3.1/../../../arm-none-eabi/lib/thumb/v7e-m+fp/hard/libc_nano.a(lib_a-init.o)
                0x000000000800021c                __libc_init_array
 .text          0x0000000008000264       0xa0 /usr/lib/gcc/arm-none-eabi/8.3.1/../../../arm-none-eabi/lib/thumb/v7e-m+fp/hard/libc_nano.a(lib_a-memset.o)
                0x0000000008000264                memset
 *(.text*)
 .text.set_pixel
                0x0000000008000304       0x36 build/gdi.o
                0x0000000008000304                set_pixel
 .text.draw_picture
                0x000000000800033a       0x74 build/gdi.o
                0x000000000800033a                draw_picture
 *fill*         0x00000000080003ae        0x2 
 .text.MX_GPIO_Init
                0x00000000080003b0      0x18c build/main.o
 .text.MX_DMA_Init
                0x000000000800053c       0x34 build/main.o
 .text.delay_us
                0x0000000008000570       0x14 build/main.o
                0x0000000008000570                delay_us
 .text.HAL_GPIO_EXTI_Callback
                0x0000000008000584       0x60 build/main.o
                0x0000000008000584                HAL_GPIO_EXTI_Callback
 .text.HAL_TIM_PeriodElapsedCallback
                0x00000000080005e4       0xe4 build/main.o
                0x00000000080005e4                HAL_TIM_PeriodElapsedCallback
 .text.Error_Handler
                0x00000000080006c8       0x2c build/main.o
                0x00000000080006c8                Error_Handler
 .text.MX_SPI1_Init
                0x00000000080006f4       0x50 build/main.o
 .text.MX_TIM1_Init
                0x0000000008000744       0x70 build/main.o
 .text.MX_TIM3_Init
                0x00000000080007b4       0x6c build/main.o
 .text.SystemClock_Config
                0x0000000008000820       0x8c build/main.o
                0x0000000008000820                SystemClock_Config
 .text.main     0x00000000080008ac      0x264 build/main.o
                0x00000000080008ac                main
 .text.NMI_Handler
                0x0000000008000b10        0x2 build/stm32f3xx_it.o
                0x0000000008000b10                NMI_Handler
 .text.HardFault_Handler
                0x0000000008000b12        0x2 build/stm32f3xx_it.o
                0x0000000008000b12                HardFault_Handler
 .text.MemManage_Handler
                0x0000000008000b14        0x2 build/stm32f3xx_it.o
                0x0000000008000b14                MemManage_Handler
 .text.BusFault_Handler
                0x0000000008000b16        0x2 build/stm32f3xx_it.o
                0x0000000008000b16                BusFault_Handler
 .text.UsageFault_Handler
                0x0000000008000b18        0x2 build/stm32f3xx_it.o
                0x0000000008000b18                UsageFault_Handler
 .text.SVC_Handler
                0x0000000008000b1a        0x2 build/stm32f3xx_it.o
                0x0000000008000b1a                SVC_Handler
 .text.DebugMon_Handler
                0x0000000008000b1c        0x2 build/stm32f3xx_it.o
                0x0000000008000b1c                DebugMon_Handler
 .text.PendSV_Handler
                0x0000000008000b1e        0x2 build/stm32f3xx_it.o
                0x0000000008000b1e                PendSV_Handler
 .text.SysTick_Handler
                0x0000000008000b20        0x8 build/stm32f3xx_it.o
                0x0000000008000b20                SysTick_Handler
 .text.EXTI2_TSC_IRQHandler
                0x0000000008000b28        0xa build/stm32f3xx_it.o
                0x0000000008000b28                EXTI2_TSC_IRQHandler
 .text.EXTI4_IRQHandler
                0x0000000008000b32        0xa build/stm32f3xx_it.o
                0x0000000008000b32                EXTI4_IRQHandler
 .text.DMA1_Channel3_IRQHandler
                0x0000000008000b3c       0x10 build/stm32f3xx_it.o
                0x0000000008000b3c                DMA1_Channel3_IRQHandler
 .text.TIM1_UP_TIM16_IRQHandler
                0x0000000008000b4c       0x10 build/stm32f3xx_it.o
                0x0000000008000b4c                TIM1_UP_TIM16_IRQHandler
 .text.SPI1_IRQHandler
                0x0000000008000b5c       0x10 build/stm32f3xx_it.o
                0x0000000008000b5c                SPI1_IRQHandler
 .text.HAL_MspInit
                0x0000000008000b6c       0x30 build/stm32f3xx_hal_msp.o
                0x0000000008000b6c                HAL_MspInit
 .text.HAL_SPI_MspInit
                0x0000000008000b9c       0xc8 build/stm32f3xx_hal_msp.o
                0x0000000008000b9c                HAL_SPI_MspInit
 .text.HAL_TIM_Base_MspInit
                0x0000000008000c64       0x60 build/stm32f3xx_hal_msp.o
                0x0000000008000c64                HAL_TIM_Base_MspInit
 .text.HAL_InitTick
                0x0000000008000cc4       0x4c build/stm32f3xx_hal.o
                0x0000000008000cc4                HAL_InitTick
 .text.HAL_Init
                0x0000000008000d10       0x24 build/stm32f3xx_hal.o
                0x0000000008000d10                HAL_Init
 .text.HAL_IncTick
                0x0000000008000d34       0x18 build/stm32f3xx_hal.o
                0x0000000008000d34                HAL_IncTick
 .text.HAL_GetTick
                0x0000000008000d4c        0xc build/stm32f3xx_hal.o
                0x0000000008000d4c                HAL_GetTick
 .text.HAL_Delay
                0x0000000008000d58       0x28 build/stm32f3xx_hal.o
                0x0000000008000d58                HAL_Delay
 .text.HAL_RCC_OscConfig
                0x0000000008000d80      0x640 build/stm32f3xx_hal_rcc.o
                0x0000000008000d80                HAL_RCC_OscConfig
 .text.HAL_RCC_GetSysClockFreq
                0x00000000080013c0       0x70 build/stm32f3xx_hal_rcc.o
                0x00000000080013c0                HAL_RCC_GetSysClockFreq
 .text.HAL_RCC_ClockConfig
                0x0000000008001430      0x1a8 build/stm32f3xx_hal_rcc.o
                0x0000000008001430                HAL_RCC_ClockConfig
 .text.HAL_RCCEx_PeriphCLKConfig
                0x00000000080015d8      0x2fc build/stm32f3xx_hal_rcc_ex.o
                0x00000000080015d8                HAL_RCCEx_PeriphCLKConfig
 .text.HAL_GPIO_Init
                0x00000000080018d4      0x1b8 build/stm32f3xx_hal_gpio.o
                0x00000000080018d4                HAL_GPIO_Init
 .text.HAL_GPIO_WritePin
                0x0000000008001a8c        0xa build/stm32f3xx_hal_gpio.o
                0x0000000008001a8c                HAL_GPIO_WritePin
 .text.HAL_GPIO_TogglePin
                0x0000000008001a96       0x12 build/stm32f3xx_hal_gpio.o
                0x0000000008001a96                HAL_GPIO_TogglePin
 .text.HAL_GPIO_EXTI_IRQHandler
                0x0000000008001aa8       0x1c build/stm32f3xx_hal_gpio.o
                0x0000000008001aa8                HAL_GPIO_EXTI_IRQHandler
 .text.DMA_SetConfig
                0x0000000008001ac4       0x2c build/stm32f3xx_hal_dma.o
 .text.DMA_CalcBaseAndBitshift
                0x0000000008001af0       0x4c build/stm32f3xx_hal_dma.o
 .text.HAL_DMA_Init
                0x0000000008001b3c       0x50 build/stm32f3xx_hal_dma.o
                0x0000000008001b3c                HAL_DMA_Init
 .text.HAL_DMA_Start_IT
                0x0000000008001b8c       0x74 build/stm32f3xx_hal_dma.o
                0x0000000008001b8c                HAL_DMA_Start_IT
 .text.HAL_DMA_Abort_IT
                0x0000000008001c00       0x4a build/stm32f3xx_hal_dma.o
                0x0000000008001c00                HAL_DMA_Abort_IT
 .text.HAL_DMA_IRQHandler
                0x0000000008001c4a       0xb4 build/stm32f3xx_hal_dma.o
                0x0000000008001c4a                HAL_DMA_IRQHandler
 *fill*         0x0000000008001cfe        0x2 
 .text.HAL_NVIC_SetPriorityGrouping
                0x0000000008001d00       0x24 build/stm32f3xx_hal_cortex.o
                0x0000000008001d00                HAL_NVIC_SetPriorityGrouping
 .text.HAL_NVIC_SetPriority
                0x0000000008001d24       0x68 build/stm32f3xx_hal_cortex.o
                0x0000000008001d24                HAL_NVIC_SetPriority
 .text.HAL_NVIC_EnableIRQ
                0x0000000008001d8c       0x1c build/stm32f3xx_hal_cortex.o
                0x0000000008001d8c                HAL_NVIC_EnableIRQ
 .text.HAL_NVIC_DisableIRQ
                0x0000000008001da8       0x24 build/stm32f3xx_hal_cortex.o
                0x0000000008001da8                HAL_NVIC_DisableIRQ
 .text.HAL_SYSTICK_Config
                0x0000000008001dcc       0x2c build/stm32f3xx_hal_cortex.o
                0x0000000008001dcc                HAL_SYSTICK_Config
 .text.SPI_WaitFlagStateUntilTimeout
                0x0000000008001df8       0xd0 build/stm32f3xx_hal_spi.o
 .text.SPI_WaitFifoStateUntilTimeout
                0x0000000008001ec8       0xf4 build/stm32f3xx_hal_spi.o
 .text.SPI_EndRxTxTransaction
                0x0000000008001fbc       0x66 build/stm32f3xx_hal_spi.o
 .text.HAL_SPI_Init
                0x0000000008002022       0xe8 build/stm32f3xx_hal_spi.o
                0x0000000008002022                HAL_SPI_Init
 *fill*         0x000000000800210a        0x2 
 .text.HAL_SPI_Transmit_DMA
                0x000000000800210c      0x128 build/stm32f3xx_hal_spi.o
                0x000000000800210c                HAL_SPI_Transmit_DMA
 .text.HAL_SPI_TxCpltCallback
                0x0000000008002234        0x2 build/stm32f3xx_hal_spi.o
                0x0000000008002234                HAL_SPI_TxCpltCallback
 .text.HAL_SPI_TxHalfCpltCallback
                0x0000000008002236        0x2 build/stm32f3xx_hal_spi.o
                0x0000000008002236                HAL_SPI_TxHalfCpltCallback
 .text.SPI_DMAHalfTransmitCplt
                0x0000000008002238        0xa build/stm32f3xx_hal_spi.o
 .text.HAL_SPI_ErrorCallback
                0x0000000008002242        0x2 build/stm32f3xx_hal_spi.o
                0x0000000008002242                HAL_SPI_ErrorCallback
 .text.SPI_DMAError
                0x0000000008002244       0x22 build/stm32f3xx_hal_spi.o
 .text.SPI_DMATransmitCplt
                0x0000000008002266       0x70 build/stm32f3xx_hal_spi.o
 *fill*         0x00000000080022d6        0x2 
 .text.HAL_SPI_IRQHandler
                0x00000000080022d8      0x11c build/stm32f3xx_hal_spi.o
                0x00000000080022d8                HAL_SPI_IRQHandler
 .text.SPI_DMAAbortOnError
                0x00000000080023f4       0x12 build/stm32f3xx_hal_spi.o
 .text.TIM_TI1_ConfigInputStage
                0x0000000008002406       0x26 build/stm32f3xx_hal_tim.o
 .text.TIM_TI2_ConfigInputStage
                0x000000000800242c       0x28 build/stm32f3xx_hal_tim.o
 .text.TIM_ITRx_SetConfig
                0x0000000008002454       0x10 build/stm32f3xx_hal_tim.o
 .text.HAL_TIM_Base_Start
                0x0000000008002464       0x84 build/stm32f3xx_hal_tim.o
                0x0000000008002464                HAL_TIM_Base_Start
 .text.HAL_TIM_Base_Start_IT
                0x00000000080024e8       0x8c build/stm32f3xx_hal_tim.o
                0x00000000080024e8                HAL_TIM_Base_Start_IT
 .text.HAL_TIM_OC_DelayElapsedCallback
                0x0000000008002574        0x2 build/stm32f3xx_hal_tim.o
                0x0000000008002574                HAL_TIM_OC_DelayElapsedCallback
 .text.HAL_TIM_IC_CaptureCallback
                0x0000000008002576        0x2 build/stm32f3xx_hal_tim.o
                0x0000000008002576                HAL_TIM_IC_CaptureCallback
 .text.HAL_TIM_PWM_PulseFinishedCallback
                0x0000000008002578        0x2 build/stm32f3xx_hal_tim.o
                0x0000000008002578                HAL_TIM_PWM_PulseFinishedCallback
 .text.HAL_TIM_TriggerCallback
                0x000000000800257a        0x2 build/stm32f3xx_hal_tim.o
                0x000000000800257a                HAL_TIM_TriggerCallback
 .text.HAL_TIM_IRQHandler
                0x000000000800257c      0x19a build/stm32f3xx_hal_tim.o
                0x000000000800257c                HAL_TIM_IRQHandler
 *fill*         0x0000000008002716        0x2 
 .text.TIM_Base_SetConfig
                0x0000000008002718       0xd0 build/stm32f3xx_hal_tim.o
                0x0000000008002718                TIM_Base_SetConfig
 .text.HAL_TIM_Base_Init
                0x00000000080027e8       0x60 build/stm32f3xx_hal_tim.o
                0x00000000080027e8                HAL_TIM_Base_Init
 .text.TIM_ETR_SetConfig
                0x0000000008002848       0x18 build/stm32f3xx_hal_tim.o
                0x0000000008002848                TIM_ETR_SetConfig
 .text.HAL_TIM_ConfigClockSource
                0x0000000008002860      0x100 build/stm32f3xx_hal_tim.o
                0x0000000008002860                HAL_TIM_ConfigClockSource
 .text.HAL_TIMEx_MasterConfigSynchronization
                0x0000000008002960       0xa0 build/stm32f3xx_hal_tim_ex.o
                0x0000000008002960                HAL_TIMEx_MasterConfigSynchronization
 .text.HAL_TIMEx_CommutCallback
                0x0000000008002a00        0x2 build/stm32f3xx_hal_tim_ex.o
                0x0000000008002a00                HAL_TIMEx_CommutCallback
 .text.HAL_TIMEx_BreakCallback
                0x0000000008002a02        0x2 build/stm32f3xx_hal_tim_ex.o
                0x0000000008002a02                HAL_TIMEx_BreakCallback
 .text.HAL_TIMEx_Break2Callback
                0x0000000008002a04        0x2 build/stm32f3xx_hal_tim_ex.o
                0x0000000008002a04                HAL_TIMEx_Break2Callback
 *fill*         0x0000000008002a06        0x2 
 .text.SystemInit
                0x0000000008002a08       0x14 build/system_stm32f3xx.o
                0x0000000008002a08                SystemInit
 .text.Reset_Handler
                0x0000000008002a1c       0x50 build/startup_stm32f303xe.o
                0x0000000008002a1c                Reset_Handler
 .text.Default_Handler
                0x0000000008002a6c        0x2 build/startup_stm32f303xe.o
                0x0000000008002a6c                RTC_Alarm_IRQHandler
                0x0000000008002a6c                TIM8_TRG_COM_IRQHandler
                0x0000000008002a6c                TIM8_CC_IRQHandler
                0x0000000008002a6c                SPI4_IRQHandler
                0x0000000008002a6c                TIM1_CC_IRQHandler
                0x0000000008002a6c                USB_HP_IRQHandler
                0x0000000008002a6c                PVD_IRQHandler
                0x0000000008002a6c                TAMP_STAMP_IRQHandler
                0x0000000008002a6c                EXTI3_IRQHandler
                0x0000000008002a6c                I2C3_ER_IRQHandler
                0x0000000008002a6c                USB_HP_CAN_TX_IRQHandler
                0x0000000008002a6c                EXTI0_IRQHandler
                0x0000000008002a6c                I2C2_EV_IRQHandler
                0x0000000008002a6c                FPU_IRQHandler
                0x0000000008002a6c                ADC1_2_IRQHandler
                0x0000000008002a6c                CAN_SCE_IRQHandler
                0x0000000008002a6c                TIM6_DAC_IRQHandler
                0x0000000008002a6c                TIM8_UP_IRQHandler
                0x0000000008002a6c                DMA2_Channel2_IRQHandler
                0x0000000008002a6c                DMA1_Channel4_IRQHandler
                0x0000000008002a6c                TIM20_TRG_COM_IRQHandler
                0x0000000008002a6c                USART3_IRQHandler
                0x0000000008002a6c                DMA1_Channel7_IRQHandler
                0x0000000008002a6c                UART5_IRQHandler
                0x0000000008002a6c                ADC3_IRQHandler
                0x0000000008002a6c                TIM4_IRQHandler
                0x0000000008002a6c                CAN_RX1_IRQHandler
                0x0000000008002a6c                DMA2_Channel1_IRQHandler
                0x0000000008002a6c                I2C1_EV_IRQHandler
                0x0000000008002a6c                DMA1_Channel6_IRQHandler
                0x0000000008002a6c                UART4_IRQHandler
                0x0000000008002a6c                DMA2_Channel4_IRQHandler
                0x0000000008002a6c                TIM3_IRQHandler
                0x0000000008002a6c                RCC_IRQHandler
                0x0000000008002a6c                TIM20_UP_IRQHandler
                0x0000000008002a6c                DMA1_Channel1_IRQHandler
                0x0000000008002a6c                Default_Handler
                0x0000000008002a6c                USBWakeUp_RMP_IRQHandler
                0x0000000008002a6c                EXTI15_10_IRQHandler
                0x0000000008002a6c                TIM7_IRQHandler
                0x0000000008002a6c                I2C3_EV_IRQHandler
                0x0000000008002a6c                EXTI9_5_IRQHandler
                0x0000000008002a6c                RTC_WKUP_IRQHandler
                0x0000000008002a6c                SPI2_IRQHandler
                0x0000000008002a6c                USB_LP_CAN_RX0_IRQHandler
                0x0000000008002a6c                DMA2_Channel5_IRQHandler
                0x0000000008002a6c                DMA1_Channel5_IRQHandler
                0x0000000008002a6c                USB_LP_IRQHandler
                0x0000000008002a6c                TIM1_TRG_COM_TIM17_IRQHandler
                0x0000000008002a6c                ADC4_IRQHandler
                0x0000000008002a6c                WWDG_IRQHandler
                0x0000000008002a6c                TIM2_IRQHandler
                0x0000000008002a6c                COMP7_IRQHandler
                0x0000000008002a6c                COMP1_2_3_IRQHandler
                0x0000000008002a6c                EXTI1_IRQHandler
                0x0000000008002a6c                USART2_IRQHandler
                0x0000000008002a6c                COMP4_5_6_IRQHandler
                0x0000000008002a6c                TIM20_BRK_IRQHandler
                0x0000000008002a6c                I2C2_ER_IRQHandler
                0x0000000008002a6c                DMA1_Channel2_IRQHandler
                0x0000000008002a6c                TIM8_BRK_IRQHandler
                0x0000000008002a6c                FLASH_IRQHandler
                0x0000000008002a6c                TIM20_CC_IRQHandler
                0x0000000008002a6c                USART1_IRQHandler
                0x0000000008002a6c                SPI3_IRQHandler
                0x0000000008002a6c                I2C1_ER_IRQHandler
                0x0000000008002a6c                FMC_IRQHandler
                0x0000000008002a6c                USBWakeUp_IRQHandler
                0x0000000008002a6c                DMA2_Channel3_IRQHandler
                0x0000000008002a6c                TIM1_BRK_TIM15_IRQHandler
 *(.glue_7)
 .glue_7        0x0000000008002a6e        0x0 linker stubs
 *(.glue_7t)
 .glue_7t       0x0000000008002a6e        0x0 linker stubs
 *(.eh_frame)
 *fill*         0x0000000008002a6e        0x2 
 .eh_frame      0x0000000008002a70        0x0 /usr/lib/gcc/arm-none-eabi/8.3.1/thumb/v7e-m+fp/hard/crtbegin.o
 *(.init)
 .init          0x0000000008002a70        0x4 /usr/lib/gcc/arm-none-eabi/8.3.1/thumb/v7e-m+fp/hard/crti.o
                0x0000000008002a70                _init
 .init          0x0000000008002a74        0x8 /usr/lib/gcc/arm-none-eabi/8.3.1/thumb/v7e-m+fp/hard/crtn.o
 *(.fini)
 .fini          0x0000000008002a7c        0x4 /usr/lib/gcc/arm-none-eabi/8.3.1/thumb/v7e-m+fp/hard/crti.o
                0x0000000008002a7c                _fini
 .fini          0x0000000008002a80        0x8 /usr/lib/gcc/arm-none-eabi/8.3.1/thumb/v7e-m+fp/hard/crtn.o
                0x0000000008002a88                . = ALIGN (0x4)
                0x0000000008002a88                _etext = .

.vfp11_veneer   0x0000000008002a88        0x0
 .vfp11_veneer  0x0000000008002a88        0x0 linker stubs

.v4_bx          0x0000000008002a88        0x0
 .v4_bx         0x0000000008002a88        0x0 linker stubs

.iplt           0x0000000008002a88        0x0
 .iplt          0x0000000008002a88        0x0 /usr/lib/gcc/arm-none-eabi/8.3.1/thumb/v7e-m+fp/hard/crtbegin.o

.rodata         0x0000000008002a88      0x1b0
                0x0000000008002a88                . = ALIGN (0x4)
 *(.rodata)
 *(.rodata*)
 .rodata.bomb   0x0000000008002a88       0x20 build/main.o
                0x0000000008002a88                bomb
 .rodata.eight  0x0000000008002aa8       0x20 build/main.o
                0x0000000008002aa8                eight
 .rodata.five   0x0000000008002ac8       0x20 build/main.o
                0x0000000008002ac8                five
 .rodata.flag   0x0000000008002ae8       0x20 build/main.o
                0x0000000008002ae8                flag
 .rodata.four   0x0000000008002b08       0x20 build/main.o
                0x0000000008002b08                four
 .rodata.not_opened_cell
                0x0000000008002b28       0x20 build/main.o
                0x0000000008002b28                not_opened_cell
 .rodata.one    0x0000000008002b48       0x20 build/main.o
                0x0000000008002b48                one
 .rodata.selected_cell
                0x0000000008002b68       0x20 build/main.o
                0x0000000008002b68                selected_cell
 .rodata.seven  0x0000000008002b88       0x20 build/main.o
                0x0000000008002b88                seven
 .rodata.six    0x0000000008002ba8       0x20 build/main.o
                0x0000000008002ba8                six
 .rodata.three  0x0000000008002bc8       0x20 build/main.o
                0x0000000008002bc8                three
 .rodata.two    0x0000000008002be8       0x20 build/main.o
                0x0000000008002be8                two
 .rodata.aPLLMULFactorTable
                0x0000000008002c08       0x10 build/stm32f3xx_hal_rcc.o
 .rodata.aPredivFactorTable
                0x0000000008002c18       0x10 build/stm32f3xx_hal_rcc.o
 .rodata.AHBPrescTable
                0x0000000008002c28       0x10 build/system_stm32f3xx.o
                0x0000000008002c28                AHBPrescTable
                0x0000000008002c38                . = ALIGN (0x4)

.rel.dyn        0x0000000008002c38        0x0
 .rel.iplt      0x0000000008002c38        0x0 /usr/lib/gcc/arm-none-eabi/8.3.1/thumb/v7e-m+fp/hard/crtbegin.o

.ARM.extab
 *(.ARM.extab* .gnu.linkonce.armextab.*)

.ARM            0x0000000008002c38        0x0
                0x0000000008002c38                __exidx_start = .
 *(.ARM.exidx*)
                0x0000000008002c38                __exidx_end = .

.preinit_array  0x0000000008002c38        0x0
                0x0000000008002c38                PROVIDE (__preinit_array_start = .)
 *(.preinit_array*)
                0x0000000008002c38                PROVIDE (__preinit_array_end = .)

.init_array     0x0000000008002c38        0x4
                0x0000000008002c38                PROVIDE (__init_array_start = .)
 *(SORT_BY_NAME(.init_array.*))
 *(.init_array*)
 .init_array    0x0000000008002c38        0x4 /usr/lib/gcc/arm-none-eabi/8.3.1/thumb/v7e-m+fp/hard/crtbegin.o
                0x0000000008002c3c                PROVIDE (__init_array_end = .)

.fini_array     0x0000000008002c3c        0x4
                0x0000000008002c3c                PROVIDE (__fini_array_start = .)
 *(SORT_BY_NAME(.fini_array.*))
 *(.fini_array*)
 .fini_array    0x0000000008002c3c        0x4 /usr/lib/gcc/arm-none-eabi/8.3.1/thumb/v7e-m+fp/hard/crtbegin.o
                0x0000000008002c40                PROVIDE (__fini_array_end = .)
                0x0000000008002c40                _sidata = LOADADDR (.data)

.data           0x0000000020000000       0x14 load address 0x0000000008002c40
                0x0000000020000000                . = ALIGN (0x4)
                0x0000000020000000                _sdata = .
 *(.data)
 *(.data*)
 .data.handle   0x0000000020000000        0x8 build/main.o
                0x0000000020000000                handle
 .data.uwTickFreq
                0x0000000020000008        0x1 build/stm32f3xx_hal.o
                0x0000000020000008                uwTickFreq
 *fill*         0x0000000020000009        0x3 
 .data.uwTickPrio
                0x000000002000000c        0x4 build/stm32f3xx_hal.o
                0x000000002000000c                uwTickPrio
 .data.SystemCoreClock
                0x0000000020000010        0x4 build/system_stm32f3xx.o
                0x0000000020000010                SystemCoreClock
                0x0000000020000014                . = ALIGN (0x4)
                0x0000000020000014                _edata = .
                0x0000000008002c54                _siccmram = LOADADDR (.ccmram)

.tm_clone_table
                0x0000000020000014        0x0 load address 0x0000000008002c54
 .tm_clone_table
                0x0000000020000014        0x0 /usr/lib/gcc/arm-none-eabi/8.3.1/thumb/v7e-m+fp/hard/crtbegin.o
 .tm_clone_table
                0x0000000020000014        0x0 /usr/lib/gcc/arm-none-eabi/8.3.1/thumb/v7e-m+fp/hard/crtend.o

.igot.plt       0x0000000020000014        0x0 load address 0x0000000008002c54
 .igot.plt      0x0000000020000014        0x0 /usr/lib/gcc/arm-none-eabi/8.3.1/thumb/v7e-m+fp/hard/crtbegin.o

.ccmram         0x0000000010000000        0x0 load address 0x0000000008002c54
                0x0000000010000000                . = ALIGN (0x4)
                0x0000000010000000                _sccmram = .
 *(.ccmram)
 *(.ccmram*)
                0x0000000010000000                . = ALIGN (0x4)
                0x0000000010000000                _eccmram = .
                0x0000000010000000                . = ALIGN (0x4)

.bss            0x0000000020000014     0x17e4
                0x0000000020000014                _sbss = .
                0x0000000020000014                __bss_start__ = _sbss
 *(.bss)
 .bss           0x0000000020000014       0x1c /usr/lib/gcc/arm-none-eabi/8.3.1/thumb/v7e-m+fp/hard/crtbegin.o
 *(.bss*)
 .bss.flag1_exec
                0x0000000020000030        0x1 build/main.o
                0x0000000020000030                flag1_exec
 .bss.flag1_irq
                0x0000000020000031        0x1 build/main.o
                0x0000000020000031                flag1_irq
 .bss.flag2_exec
                0x0000000020000032        0x1 build/main.o
                0x0000000020000032                flag2_exec
 .bss.flag2_irq
                0x0000000020000033        0x1 build/main.o
                0x0000000020000033                flag2_irq
 .bss.image     0x0000000020000034     0x1676 build/main.o
                0x0000000020000034                image
 .bss.line      0x00000000200016aa        0x2 build/main.o
                0x00000000200016aa                line
 .bss.time1_irq
                0x00000000200016ac        0x4 build/main.o
                0x00000000200016ac                time1_irq
 .bss.time2_irq
                0x00000000200016b0        0x4 build/main.o
                0x00000000200016b0                time2_irq
 *(COMMON)
 COMMON         0x00000000200016b4      0x140 build/main.o
                0x00000000200016b4                htim3
                0x0000000020001700                htim1
                0x000000002000174c                hspi1
                0x00000000200017b0                hdma_spi1_tx
 COMMON         0x00000000200017f4        0x4 build/stm32f3xx_hal.o
                0x00000000200017f4                uwTick
                0x00000000200017f8                . = ALIGN (0x4)
                0x00000000200017f8                _ebss = .
                0x00000000200017f8                __bss_end__ = _ebss

._user_heap_stack
                0x00000000200017f8      0x600
                0x00000000200017f8                . = ALIGN (0x8)
                [!provide]                        PROVIDE (end = .)
                [!provide]                        PROVIDE (_end = .)
                0x00000000200019f8                . = (. + _Min_Heap_Size)
 *fill*         0x00000000200017f8      0x200 
                0x0000000020001df8                . = (. + _Min_Stack_Size)
 *fill*         0x00000000200019f8      0x400 
                0x0000000020001df8                . = ALIGN (0x8)

/DISCARD/
 libc.a(*)
 libm.a(*)
 libgcc.a(*)

.ARM.attributes
                0x0000000000000000       0x30
 *(.ARM.attributes)
 .ARM.attributes
                0x0000000000000000       0x1e /usr/lib/gcc/arm-none-eabi/8.3.1/thumb/v7e-m+fp/hard/crti.o
 .ARM.attributes
                0x000000000000001e       0x34 /usr/lib/gcc/arm-none-eabi/8.3.1/thumb/v7e-m+fp/hard/crtbegin.o
 .ARM.attributes
                0x0000000000000052       0x34 build/gdi.o
 .ARM.attributes
                0x0000000000000086       0x34 build/main.o
 .ARM.attributes
                0x00000000000000ba       0x34 build/stm32f3xx_it.o
 .ARM.attributes
                0x00000000000000ee       0x34 build/stm32f3xx_hal_msp.o
 .ARM.attributes
                0x0000000000000122       0x34 build/stm32f3xx_hal.o
 .ARM.attributes
                0x0000000000000156       0x34 build/stm32f3xx_hal_rcc.o
 .ARM.attributes
                0x000000000000018a       0x34 build/stm32f3xx_hal_rcc_ex.o
 .ARM.attributes
                0x00000000000001be       0x34 build/stm32f3xx_hal_gpio.o
 .ARM.attributes
                0x00000000000001f2       0x34 build/stm32f3xx_hal_dma.o
 .ARM.attributes
                0x0000000000000226       0x34 build/stm32f3xx_hal_cortex.o
 .ARM.attributes
                0x000000000000025a       0x34 build/stm32f3xx_hal_spi.o
 .ARM.attributes
                0x000000000000028e       0x34 build/stm32f3xx_hal_tim.o
 .ARM.attributes
                0x00000000000002c2       0x34 build/stm32f3xx_hal_tim_ex.o
 .ARM.attributes
                0x00000000000002f6       0x34 build/system_stm32f3xx.o
 .ARM.attributes
                0x000000000000032a       0x21 build/startup_stm32f303xe.o
 .ARM.attributes
                0x000000000000034b       0x34 /usr/lib/gcc/arm-none-eabi/8.3.1/../../../arm-none-eabi/lib/thumb/v7e-m+fp/hard/libc_nano.a(lib_a-init.o)
 .ARM.attributes
                0x000000000000037f       0x34 /usr/lib/gcc/arm-none-eabi/8.3.1/../../../arm-none-eabi/lib/thumb/v7e-m+fp/hard/libc_nano.a(lib_a-memset.o)
 .ARM.attributes
                0x00000000000003b3       0x32 /usr/lib/gcc/arm-none-eabi/8.3.1/thumb/v7e-m+fp/hard/crtend.o
 .ARM.attributes
                0x00000000000003e5       0x1e /usr/lib/gcc/arm-none-eabi/8.3.1/thumb/v7e-m+fp/hard/crtn.o
OUTPUT(build/minesweeperTV.elf elf32-littlearm)
LOAD linker stubs
LOAD /usr/lib/gcc/arm-none-eabi/8.3.1/../../../arm-none-eabi/lib/thumb/v7e-m+fp/hard/libc.a
LOAD /usr/lib/gcc/arm-none-eabi/8.3.1/../../../arm-none-eabi/lib/thumb/v7e-m+fp/hard/libm.a
LOAD /usr/lib/gcc/arm-none-eabi/8.3.1/thumb/v7e-m+fp/hard/libgcc.a

.comment        0x0000000000000000       0x9f
 .comment       0x0000000000000000       0x51 /usr/lib/gcc/arm-none-eabi/8.3.1/thumb/v7e-m+fp/hard/crtbegin.o
                                         0x52 (size before relaxing)
 .comment       0x0000000000000051       0x52 build/gdi.o
 .comment       0x0000000000000051       0x52 build/main.o
 .comment       0x0000000000000051       0x52 build/stm32f3xx_it.o
 .comment       0x0000000000000051       0x52 build/stm32f3xx_hal_msp.o
 .comment       0x0000000000000051       0x52 build/stm32f3xx_hal.o
 .comment       0x0000000000000051       0x52 build/stm32f3xx_hal_rcc.o
 .comment       0x0000000000000051       0x52 build/stm32f3xx_hal_rcc_ex.o
 .comment       0x0000000000000051       0x52 build/stm32f3xx_hal_gpio.o
 .comment       0x0000000000000051       0x52 build/stm32f3xx_hal_dma.o
 .comment       0x0000000000000051       0x52 build/stm32f3xx_hal_cortex.o
 .comment       0x0000000000000051       0x52 build/stm32f3xx_hal_spi.o
 .comment       0x0000000000000051       0x52 build/stm32f3xx_hal_tim.o
 .comment       0x0000000000000051       0x52 build/stm32f3xx_hal_tim_ex.o
 .comment       0x0000000000000051       0x52 build/system_stm32f3xx.o
 .comment       0x0000000000000051       0x4e /usr/lib/gcc/arm-none-eabi/8.3.1/../../../arm-none-eabi/lib/thumb/v7e-m+fp/hard/libc_nano.a(lib_a-init.o)
                                         0x4f (size before relaxing)
 .comment       0x000000000000009f       0x4f /usr/lib/gcc/arm-none-eabi/8.3.1/../../../arm-none-eabi/lib/thumb/v7e-m+fp/hard/libc_nano.a(lib_a-memset.o)
 .comment       0x000000000000009f       0x52 /usr/lib/gcc/arm-none-eabi/8.3.1/thumb/v7e-m+fp/hard/crtend.o

.debug_info     0x0000000000000000    0x13142
 .debug_info    0x0000000000000000      0x244 build/gdi.o
 .debug_info    0x0000000000000244     0x25c8 build/main.o
 .debug_info    0x000000000000280c      0xccb build/stm32f3xx_it.o
 .debug_info    0x00000000000034d7     0x1207 build/stm32f3xx_hal_msp.o
 .debug_info    0x00000000000046de      0x9cd build/stm32f3xx_hal.o
 .debug_info    0x00000000000050ab     0x1975 build/stm32f3xx_hal_rcc.o
 .debug_info    0x0000000000006a20      0x9a4 build/stm32f3xx_hal_rcc_ex.o
 .debug_info    0x00000000000073c4      0x8f1 build/stm32f3xx_hal_gpio.o
 .debug_info    0x0000000000007cb5      0x9d0 build/stm32f3xx_hal_dma.o
 .debug_info    0x0000000000008685     0x11ba build/stm32f3xx_hal_cortex.o
 .debug_info    0x000000000000983f     0x23c1 build/stm32f3xx_hal_spi.o
 .debug_info    0x000000000000bc00     0x4257 build/stm32f3xx_hal_tim.o
 .debug_info    0x000000000000fe57     0x1da9 build/stm32f3xx_hal_tim_ex.o
 .debug_info    0x0000000000011c00      0x4e5 build/system_stm32f3xx.o
 .debug_info    0x00000000000120e5       0x22 build/startup_stm32f303xe.o
 .debug_info    0x0000000000012107      0x11a /usr/lib/gcc/arm-none-eabi/8.3.1/../../../arm-none-eabi/lib/thumb/v7e-m+fp/hard/libc_nano.a(lib_a-init.o)
 .debug_info    0x0000000000012221      0xf21 /usr/lib/gcc/arm-none-eabi/8.3.1/../../../arm-none-eabi/lib/thumb/v7e-m+fp/hard/libc_nano.a(lib_a-memset.o)

.debug_abbrev   0x0000000000000000     0x251c
 .debug_abbrev  0x0000000000000000      0x11b build/gdi.o
 .debug_abbrev  0x000000000000011b      0x390 build/main.o
 .debug_abbrev  0x00000000000004ab      0x1da build/stm32f3xx_it.o
 .debug_abbrev  0x0000000000000685      0x207 build/stm32f3xx_hal_msp.o
 .debug_abbrev  0x000000000000088c      0x21c build/stm32f3xx_hal.o
 .debug_abbrev  0x0000000000000aa8      0x32a build/stm32f3xx_hal_rcc.o
 .debug_abbrev  0x0000000000000dd2      0x29b build/stm32f3xx_hal_rcc_ex.o
 .debug_abbrev  0x000000000000106d      0x24f build/stm32f3xx_hal_gpio.o
 .debug_abbrev  0x00000000000012bc      0x28c build/stm32f3xx_hal_dma.o
 .debug_abbrev  0x0000000000001548      0x3b3 build/stm32f3xx_hal_cortex.o
 .debug_abbrev  0x00000000000018fb      0x2a4 build/stm32f3xx_hal_spi.o
 .debug_abbrev  0x0000000000001b9f      0x2c0 build/stm32f3xx_hal_tim.o
 .debug_abbrev  0x0000000000001e5f      0x2bc build/stm32f3xx_hal_tim_ex.o
 .debug_abbrev  0x000000000000211b      0x14a build/system_stm32f3xx.o
 .debug_abbrev  0x0000000000002265       0x12 build/startup_stm32f303xe.o
 .debug_abbrev  0x0000000000002277       0xcc /usr/lib/gcc/arm-none-eabi/8.3.1/../../../arm-none-eabi/lib/thumb/v7e-m+fp/hard/libc_nano.a(lib_a-init.o)
 .debug_abbrev  0x0000000000002343      0x1d9 /usr/lib/gcc/arm-none-eabi/8.3.1/../../../arm-none-eabi/lib/thumb/v7e-m+fp/hard/libc_nano.a(lib_a-memset.o)

.debug_loc      0x0000000000000000    0x10271
 .debug_loc     0x0000000000000000      0x202 build/gdi.o
 .debug_loc     0x0000000000000202      0x3e5 build/main.o
 .debug_loc     0x00000000000005e7       0xc0 build/stm32f3xx_it.o
 .debug_loc     0x00000000000006a7      0x203 build/stm32f3xx_hal_msp.o
 .debug_loc     0x00000000000008aa      0x1e1 build/stm32f3xx_hal.o
 .debug_loc     0x0000000000000a8b      0xf7d build/stm32f3xx_hal_rcc.o
 .debug_loc     0x0000000000001a08     0x1542 build/stm32f3xx_hal_rcc_ex.o
 .debug_loc     0x0000000000002f4a      0x3f4 build/stm32f3xx_hal_gpio.o
 .debug_loc     0x000000000000333e      0x9a2 build/stm32f3xx_hal_dma.o
 .debug_loc     0x0000000000003ce0      0x790 build/stm32f3xx_hal_cortex.o
 .debug_loc     0x0000000000004470     0x28cf build/stm32f3xx_hal_spi.o
 .debug_loc     0x0000000000006d3f     0x68c7 build/stm32f3xx_hal_tim.o
 .debug_loc     0x000000000000d606     0x285c build/stm32f3xx_hal_tim_ex.o
 .debug_loc     0x000000000000fe62      0x124 build/system_stm32f3xx.o
 .debug_loc     0x000000000000ff86       0xba /usr/lib/gcc/arm-none-eabi/8.3.1/../../../arm-none-eabi/lib/thumb/v7e-m+fp/hard/libc_nano.a(lib_a-init.o)
 .debug_loc     0x0000000000010040      0x231 /usr/lib/gcc/arm-none-eabi/8.3.1/../../../arm-none-eabi/lib/thumb/v7e-m+fp/hard/libc_nano.a(lib_a-memset.o)

.debug_aranges  0x0000000000000000      0xc50
 .debug_aranges
                0x0000000000000000       0x28 build/gdi.o
 .debug_aranges
                0x0000000000000028       0x78 build/main.o
 .debug_aranges
                0x00000000000000a0       0x88 build/stm32f3xx_it.o
 .debug_aranges
                0x0000000000000128       0x40 build/stm32f3xx_hal_msp.o
 .debug_aranges
                0x0000000000000168       0xe0 build/stm32f3xx_hal.o
 .debug_aranges
                0x0000000000000248       0x88 build/stm32f3xx_hal_rcc.o
 .debug_aranges
                0x00000000000002d0       0x38 build/stm32f3xx_hal_rcc_ex.o
 .debug_aranges
                0x0000000000000308       0x58 build/stm32f3xx_hal_gpio.o
 .debug_aranges
                0x0000000000000360       0x88 build/stm32f3xx_hal_dma.o
 .debug_aranges
                0x00000000000003e8       0xa8 build/stm32f3xx_hal_cortex.o
 .debug_aranges
                0x0000000000000490      0x1d8 build/stm32f3xx_hal_spi.o
 .debug_aranges
                0x0000000000000668      0x3e0 build/stm32f3xx_hal_tim.o
 .debug_aranges
                0x0000000000000a48      0x178 build/stm32f3xx_hal_tim_ex.o
 .debug_aranges
                0x0000000000000bc0       0x28 build/system_stm32f3xx.o
 .debug_aranges
                0x0000000000000be8       0x28 build/startup_stm32f303xe.o
 .debug_aranges
                0x0000000000000c10       0x20 /usr/lib/gcc/arm-none-eabi/8.3.1/../../../arm-none-eabi/lib/thumb/v7e-m+fp/hard/libc_nano.a(lib_a-init.o)
 .debug_aranges
                0x0000000000000c30       0x20 /usr/lib/gcc/arm-none-eabi/8.3.1/../../../arm-none-eabi/lib/thumb/v7e-m+fp/hard/libc_nano.a(lib_a-memset.o)

.debug_ranges   0x0000000000000000      0xba8
 .debug_ranges  0x0000000000000000       0x18 build/gdi.o
 .debug_ranges  0x0000000000000018       0x80 build/main.o
 .debug_ranges  0x0000000000000098       0x78 build/stm32f3xx_it.o
 .debug_ranges  0x0000000000000110       0x30 build/stm32f3xx_hal_msp.o
 .debug_ranges  0x0000000000000140       0xd0 build/stm32f3xx_hal.o
 .debug_ranges  0x0000000000000210       0x98 build/stm32f3xx_hal_rcc.o
 .debug_ranges  0x00000000000002a8       0x28 build/stm32f3xx_hal_rcc_ex.o
 .debug_ranges  0x00000000000002d0       0x48 build/stm32f3xx_hal_gpio.o
 .debug_ranges  0x0000000000000318       0x78 build/stm32f3xx_hal_dma.o
 .debug_ranges  0x0000000000000390       0xe0 build/stm32f3xx_hal_cortex.o
 .debug_ranges  0x0000000000000470      0x1c8 build/stm32f3xx_hal_spi.o
 .debug_ranges  0x0000000000000638      0x3d0 build/stm32f3xx_hal_tim.o
 .debug_ranges  0x0000000000000a08      0x168 build/stm32f3xx_hal_tim_ex.o
 .debug_ranges  0x0000000000000b70       0x18 build/system_stm32f3xx.o
 .debug_ranges  0x0000000000000b88       0x20 build/startup_stm32f303xe.o

.debug_line     0x0000000000000000     0xe2ce
 .debug_line    0x0000000000000000      0x188 build/gdi.o
 .debug_line    0x0000000000000188      0x907 build/main.o
 .debug_line    0x0000000000000a8f      0x2ef build/stm32f3xx_it.o
 .debug_line    0x0000000000000d7e      0x377 build/stm32f3xx_hal_msp.o
 .debug_line    0x00000000000010f5      0x487 build/stm32f3xx_hal.o
 .debug_line    0x000000000000157c     0x10f9 build/stm32f3xx_hal_rcc.o
 .debug_line    0x0000000000002675      0xd44 build/stm32f3xx_hal_rcc_ex.o
 .debug_line    0x00000000000033b9      0x648 build/stm32f3xx_hal_gpio.o
 .debug_line    0x0000000000003a01      0x979 build/stm32f3xx_hal_dma.o
 .debug_line    0x000000000000437a      0x6d2 build/stm32f3xx_hal_cortex.o
 .debug_line    0x0000000000004a4c     0x279c build/stm32f3xx_hal_spi.o
 .debug_line    0x00000000000071e8     0x4ea0 build/stm32f3xx_hal_tim.o
 .debug_line    0x000000000000c088     0x1c6f build/stm32f3xx_hal_tim_ex.o
 .debug_line    0x000000000000dcf7      0x1e9 build/system_stm32f3xx.o
 .debug_line    0x000000000000dee0       0x76 build/startup_stm32f303xe.o
 .debug_line    0x000000000000df56      0x10d /usr/lib/gcc/arm-none-eabi/8.3.1/../../../arm-none-eabi/lib/thumb/v7e-m+fp/hard/libc_nano.a(lib_a-init.o)
 .debug_line    0x000000000000e063      0x26b /usr/lib/gcc/arm-none-eabi/8.3.1/../../../arm-none-eabi/lib/thumb/v7e-m+fp/hard/libc_nano.a(lib_a-memset.o)

.debug_str      0x0000000000000000     0x4635
 .debug_str     0x0000000000000000      0x199 build/gdi.o
                                        0x1e1 (size before relaxing)
 .debug_str     0x0000000000000199     0x1424 build/main.o
                                       0x169a (size before relaxing)
 .debug_str     0x00000000000015bd      0x16e build/stm32f3xx_it.o
                                        0xac0 (size before relaxing)
 .debug_str     0x000000000000172b       0xb2 build/stm32f3xx_hal_msp.o
                                        0xfd5 (size before relaxing)
 .debug_str     0x00000000000017dd      0x278 build/stm32f3xx_hal.o
                                        0xa3e (size before relaxing)
 .debug_str     0x0000000000001a55      0x1fc build/stm32f3xx_hal_rcc.o
                                        0x6db (size before relaxing)
 .debug_str     0x0000000000001c51       0xc5 build/stm32f3xx_hal_rcc_ex.o
                                        0x64f (size before relaxing)
 .debug_str     0x0000000000001d16      0x104 build/stm32f3xx_hal_gpio.o
                                        0x556 (size before relaxing)
 .debug_str     0x0000000000001e1a      0x220 build/stm32f3xx_hal_dma.o
                                        0x6d6 (size before relaxing)
 .debug_str     0x000000000000203a      0x426 build/stm32f3xx_hal_cortex.o
                                        0xc65 (size before relaxing)
 .debug_str     0x0000000000002460      0x549 build/stm32f3xx_hal_spi.o
                                        0xc6e (size before relaxing)
 .debug_str     0x00000000000029a9      0xe2f build/stm32f3xx_hal_tim.o
                                       0x1774 (size before relaxing)
 .debug_str     0x00000000000037d8      0x56a build/stm32f3xx_hal_tim_ex.o
                                        0xfaf (size before relaxing)
 .debug_str     0x0000000000003d42       0x52 build/system_stm32f3xx.o
                                        0x350 (size before relaxing)
 .debug_str     0x0000000000003d94       0x24 build/startup_stm32f303xe.o
                                         0x41 (size before relaxing)
 .debug_str     0x0000000000003db8      0x18e /usr/lib/gcc/arm-none-eabi/8.3.1/../../../arm-none-eabi/lib/thumb/v7e-m+fp/hard/libc_nano.a(lib_a-init.o)
                                        0x229 (size before relaxing)
 .debug_str     0x0000000000003f46      0x6ef /usr/lib/gcc/arm-none-eabi/8.3.1/../../../arm-none-eabi/lib/thumb/v7e-m+fp/hard/libc_nano.a(lib_a-memset.o)
                                        0x90f (size before relaxing)

.debug_frame    0x0000000000000000     0x21d8
 .debug_frame   0x0000000000000000       0x54 build/gdi.o
 .debug_frame   0x0000000000000054      0x164 build/main.o
 .debug_frame   0x00000000000001b8      0x120 build/stm32f3xx_it.o
 .debug_frame   0x00000000000002d8       0xa0 build/stm32f3xx_hal_msp.o
 .debug_frame   0x0000000000000378      0x1cc build/stm32f3xx_hal.o
 .debug_frame   0x0000000000000544      0x170 build/stm32f3xx_hal_rcc.o
 .debug_frame   0x00000000000006b4       0x70 build/stm32f3xx_hal_rcc_ex.o
 .debug_frame   0x0000000000000724       0xd8 build/stm32f3xx_hal_gpio.o
 .debug_frame   0x00000000000007fc      0x164 build/stm32f3xx_hal_dma.o
 .debug_frame   0x0000000000000960      0x15c build/stm32f3xx_hal_cortex.o
 .debug_frame   0x0000000000000abc      0x5d0 build/stm32f3xx_hal_spi.o
 .debug_frame   0x000000000000108c      0xbfc build/stm32f3xx_hal_tim.o
 .debug_frame   0x0000000000001c88      0x4bc build/stm32f3xx_hal_tim_ex.o
 .debug_frame   0x0000000000002144       0x30 build/system_stm32f3xx.o
 .debug_frame   0x0000000000002174       0x2c /usr/lib/gcc/arm-none-eabi/8.3.1/../../../arm-none-eabi/lib/thumb/v7e-m+fp/hard/libc_nano.a(lib_a-init.o)
 .debug_frame   0x00000000000021a0       0x38 /usr/lib/gcc/arm-none-eabi/8.3.1/../../../arm-none-eabi/lib/thumb/v7e-m+fp/hard/libc_nano.a(lib_a-memset.o)

Cross Reference Table

Symbol                                            File
ADC1_2_IRQHandler                                 build/startup_stm32f303xe.o
ADC3_IRQHandler                                   build/startup_stm32f303xe.o
ADC4_IRQHandler                                   build/startup_stm32f303xe.o
AHBPrescTable                                     build/system_stm32f3xx.o
                                                  build/stm32f3xx_hal_rcc.o
APBPrescTable                                     build/system_stm32f3xx.o
                                                  build/stm32f3xx_hal_rcc.o
BusFault_Handler                                  build/stm32f3xx_it.o
CAN_RX1_IRQHandler                                build/startup_stm32f303xe.o
CAN_SCE_IRQHandler                                build/startup_stm32f303xe.o
COMP1_2_3_IRQHandler                              build/startup_stm32f303xe.o
COMP4_5_6_IRQHandler                              build/startup_stm32f303xe.o
COMP7_IRQHandler                                  build/startup_stm32f303xe.o
DMA1_Channel1_IRQHandler                          build/startup_stm32f303xe.o
DMA1_Channel2_IRQHandler                          build/startup_stm32f303xe.o
DMA1_Channel3_IRQHandler                          build/stm32f3xx_it.o
DMA1_Channel4_IRQHandler                          build/startup_stm32f303xe.o
DMA1_Channel5_IRQHandler                          build/startup_stm32f303xe.o
DMA1_Channel6_IRQHandler                          build/startup_stm32f303xe.o
DMA1_Channel7_IRQHandler                          build/startup_stm32f303xe.o
DMA2_Channel1_IRQHandler                          build/startup_stm32f303xe.o
DMA2_Channel2_IRQHandler                          build/startup_stm32f303xe.o
DMA2_Channel3_IRQHandler                          build/startup_stm32f303xe.o
DMA2_Channel4_IRQHandler                          build/startup_stm32f303xe.o
DMA2_Channel5_IRQHandler                          build/startup_stm32f303xe.o
DebugMon_Handler                                  build/stm32f3xx_it.o
Default_Handler                                   build/startup_stm32f303xe.o
EXTI0_IRQHandler                                  build/startup_stm32f303xe.o
EXTI15_10_IRQHandler                              build/startup_stm32f303xe.o
EXTI1_IRQHandler                                  build/startup_stm32f303xe.o
EXTI2_TSC_IRQHandler                              build/stm32f3xx_it.o
EXTI3_IRQHandler                                  build/startup_stm32f303xe.o
EXTI4_IRQHandler                                  build/stm32f3xx_it.o
EXTI9_5_IRQHandler                                build/startup_stm32f303xe.o
Error_Handler                                     build/main.o
                                                  build/stm32f3xx_hal_msp.o
FLASH_IRQHandler                                  build/startup_stm32f303xe.o
FLASH_PageErase                                   build/stm32f3xx_hal_flash_ex.o
                                                  build/stm32f3xx_hal_flash.o
FLASH_WaitForLastOperation                        build/stm32f3xx_hal_flash.o
                                                  build/stm32f3xx_hal_flash_ex.o
FMC_IRQHandler                                    build/startup_stm32f303xe.o
FPU_IRQHandler                                    build/startup_stm32f303xe.o
HAL_DBGMCU_DisableDBGSleepMode                    build/stm32f3xx_hal.o
HAL_DBGMCU_DisableDBGStandbyMode                  build/stm32f3xx_hal.o
HAL_DBGMCU_DisableDBGStopMode                     build/stm32f3xx_hal.o
HAL_DBGMCU_EnableDBGSleepMode                     build/stm32f3xx_hal.o
HAL_DBGMCU_EnableDBGStandbyMode                   build/stm32f3xx_hal.o
HAL_DBGMCU_EnableDBGStopMode                      build/stm32f3xx_hal.o
HAL_DMA_Abort                                     build/stm32f3xx_hal_dma.o
                                                  build/stm32f3xx_hal_spi.o
HAL_DMA_Abort_IT                                  build/stm32f3xx_hal_dma.o
                                                  build/stm32f3xx_hal_tim_ex.o
                                                  build/stm32f3xx_hal_tim.o
                                                  build/stm32f3xx_hal_spi.o
                                                  build/stm32f3xx_hal_i2c.o
HAL_DMA_DeInit                                    build/stm32f3xx_hal_dma.o
                                                  build/stm32f3xx_hal_msp.o
HAL_DMA_GetError                                  build/stm32f3xx_hal_dma.o
HAL_DMA_GetState                                  build/stm32f3xx_hal_dma.o
                                                  build/stm32f3xx_hal_i2c.o
HAL_DMA_IRQHandler                                build/stm32f3xx_hal_dma.o
                                                  build/stm32f3xx_it.o
HAL_DMA_Init                                      build/stm32f3xx_hal_dma.o
                                                  build/stm32f3xx_hal_msp.o
HAL_DMA_PollForTransfer                           build/stm32f3xx_hal_dma.o
HAL_DMA_RegisterCallback                          build/stm32f3xx_hal_dma.o
HAL_DMA_Start                                     build/stm32f3xx_hal_dma.o
HAL_DMA_Start_IT                                  build/stm32f3xx_hal_dma.o
                                                  build/stm32f3xx_hal_tim_ex.o
                                                  build/stm32f3xx_hal_tim.o
                                                  build/stm32f3xx_hal_spi.o
                                                  build/stm32f3xx_hal_i2c.o
HAL_DMA_UnRegisterCallback                        build/stm32f3xx_hal_dma.o
HAL_DeInit                                        build/stm32f3xx_hal.o
HAL_Delay                                         build/stm32f3xx_hal.o
                                                  build/main.o
HAL_EXTI_ClearConfigLine                          build/stm32f3xx_hal_exti.o
HAL_EXTI_ClearPending                             build/stm32f3xx_hal_exti.o
HAL_EXTI_GenerateSWI                              build/stm32f3xx_hal_exti.o
HAL_EXTI_GetConfigLine                            build/stm32f3xx_hal_exti.o
HAL_EXTI_GetHandle                                build/stm32f3xx_hal_exti.o
HAL_EXTI_GetPending                               build/stm32f3xx_hal_exti.o
HAL_EXTI_IRQHandler                               build/stm32f3xx_hal_exti.o
HAL_EXTI_RegisterCallback                         build/stm32f3xx_hal_exti.o
HAL_EXTI_SetConfigLine                            build/stm32f3xx_hal_exti.o
HAL_FLASHEx_Erase                                 build/stm32f3xx_hal_flash_ex.o
HAL_FLASHEx_Erase_IT                              build/stm32f3xx_hal_flash_ex.o
HAL_FLASHEx_OBErase                               build/stm32f3xx_hal_flash_ex.o
HAL_FLASHEx_OBGetConfig                           build/stm32f3xx_hal_flash_ex.o
HAL_FLASHEx_OBGetUserData                         build/stm32f3xx_hal_flash_ex.o
HAL_FLASHEx_OBProgram                             build/stm32f3xx_hal_flash_ex.o
HAL_FLASH_EndOfOperationCallback                  build/stm32f3xx_hal_flash.o
HAL_FLASH_GetError                                build/stm32f3xx_hal_flash.o
HAL_FLASH_IRQHandler                              build/stm32f3xx_hal_flash.o
HAL_FLASH_Lock                                    build/stm32f3xx_hal_flash.o
HAL_FLASH_OB_Launch                               build/stm32f3xx_hal_flash.o
HAL_FLASH_OB_Lock                                 build/stm32f3xx_hal_flash.o
HAL_FLASH_OB_Unlock                               build/stm32f3xx_hal_flash.o
HAL_FLASH_OperationErrorCallback                  build/stm32f3xx_hal_flash.o
HAL_FLASH_Program                                 build/stm32f3xx_hal_flash.o
HAL_FLASH_Program_IT                              build/stm32f3xx_hal_flash.o
HAL_FLASH_Unlock                                  build/stm32f3xx_hal_flash.o
HAL_GPIO_DeInit                                   build/stm32f3xx_hal_gpio.o
                                                  build/stm32f3xx_hal_msp.o
HAL_GPIO_EXTI_Callback                            build/main.o
HAL_GPIO_EXTI_IRQHandler                          build/stm32f3xx_hal_gpio.o
                                                  build/stm32f3xx_it.o
HAL_GPIO_Init                                     build/stm32f3xx_hal_gpio.o
                                                  build/stm32f3xx_hal_rcc.o
                                                  build/stm32f3xx_hal_msp.o
                                                  build/main.o
HAL_GPIO_LockPin                                  build/stm32f3xx_hal_gpio.o
HAL_GPIO_ReadPin                                  build/stm32f3xx_hal_gpio.o
HAL_GPIO_TogglePin                                build/stm32f3xx_hal_gpio.o
                                                  build/main.o
HAL_GPIO_WritePin                                 build/stm32f3xx_hal_gpio.o
                                                  build/main.o
HAL_GetDEVID                                      build/stm32f3xx_hal.o
HAL_GetHalVersion                                 build/stm32f3xx_hal.o
HAL_GetREVID                                      build/stm32f3xx_hal.o
HAL_GetTick                                       build/stm32f3xx_hal.o
                                                  build/stm32f3xx_hal_spi.o
                                                  build/stm32f3xx_hal_i2c.o
                                                  build/stm32f3xx_hal_flash.o
                                                  build/stm32f3xx_hal_dma.o
                                                  build/stm32f3xx_hal_rcc_ex.o
                                                  build/stm32f3xx_hal_rcc.o
                                                  build/main.o
HAL_GetTickFreq                                   build/stm32f3xx_hal.o
HAL_GetTickPrio                                   build/stm32f3xx_hal.o
HAL_GetUIDw0                                      build/stm32f3xx_hal.o
HAL_GetUIDw1                                      build/stm32f3xx_hal.o
HAL_GetUIDw2                                      build/stm32f3xx_hal.o
HAL_I2CEx_ConfigAnalogFilter                      build/stm32f3xx_hal_i2c_ex.o
HAL_I2CEx_ConfigDigitalFilter                     build/stm32f3xx_hal_i2c_ex.o
HAL_I2CEx_DisableFastModePlus                     build/stm32f3xx_hal_i2c_ex.o
HAL_I2CEx_DisableWakeUp                           build/stm32f3xx_hal_i2c_ex.o
HAL_I2CEx_EnableFastModePlus                      build/stm32f3xx_hal_i2c_ex.o
HAL_I2CEx_EnableWakeUp                            build/stm32f3xx_hal_i2c_ex.o
HAL_I2C_AbortCpltCallback                         build/stm32f3xx_hal_i2c.o
HAL_I2C_AddrCallback                              build/stm32f3xx_hal_i2c.o
HAL_I2C_DeInit                                    build/stm32f3xx_hal_i2c.o
HAL_I2C_DisableListen_IT                          build/stm32f3xx_hal_i2c.o
HAL_I2C_ER_IRQHandler                             build/stm32f3xx_hal_i2c.o
HAL_I2C_EV_IRQHandler                             build/stm32f3xx_hal_i2c.o
HAL_I2C_EnableListen_IT                           build/stm32f3xx_hal_i2c.o
HAL_I2C_ErrorCallback                             build/stm32f3xx_hal_i2c.o
HAL_I2C_GetError                                  build/stm32f3xx_hal_i2c.o
HAL_I2C_GetMode                                   build/stm32f3xx_hal_i2c.o
HAL_I2C_GetState                                  build/stm32f3xx_hal_i2c.o
HAL_I2C_Init                                      build/stm32f3xx_hal_i2c.o
HAL_I2C_IsDeviceReady                             build/stm32f3xx_hal_i2c.o
HAL_I2C_ListenCpltCallback                        build/stm32f3xx_hal_i2c.o
HAL_I2C_MasterRxCpltCallback                      build/stm32f3xx_hal_i2c.o
HAL_I2C_MasterTxCpltCallback                      build/stm32f3xx_hal_i2c.o
HAL_I2C_Master_Abort_IT                           build/stm32f3xx_hal_i2c.o
HAL_I2C_Master_Receive                            build/stm32f3xx_hal_i2c.o
HAL_I2C_Master_Receive_DMA                        build/stm32f3xx_hal_i2c.o
HAL_I2C_Master_Receive_IT                         build/stm32f3xx_hal_i2c.o
HAL_I2C_Master_Seq_Receive_DMA                    build/stm32f3xx_hal_i2c.o
HAL_I2C_Master_Seq_Receive_IT                     build/stm32f3xx_hal_i2c.o
HAL_I2C_Master_Seq_Transmit_DMA                   build/stm32f3xx_hal_i2c.o
HAL_I2C_Master_Seq_Transmit_IT                    build/stm32f3xx_hal_i2c.o
HAL_I2C_Master_Transmit                           build/stm32f3xx_hal_i2c.o
HAL_I2C_Master_Transmit_DMA                       build/stm32f3xx_hal_i2c.o
HAL_I2C_Master_Transmit_IT                        build/stm32f3xx_hal_i2c.o
HAL_I2C_MemRxCpltCallback                         build/stm32f3xx_hal_i2c.o
HAL_I2C_MemTxCpltCallback                         build/stm32f3xx_hal_i2c.o
HAL_I2C_Mem_Read                                  build/stm32f3xx_hal_i2c.o
HAL_I2C_Mem_Read_DMA                              build/stm32f3xx_hal_i2c.o
HAL_I2C_Mem_Read_IT                               build/stm32f3xx_hal_i2c.o
HAL_I2C_Mem_Write                                 build/stm32f3xx_hal_i2c.o
HAL_I2C_Mem_Write_DMA                             build/stm32f3xx_hal_i2c.o
HAL_I2C_Mem_Write_IT                              build/stm32f3xx_hal_i2c.o
HAL_I2C_MspDeInit                                 build/stm32f3xx_hal_i2c.o
HAL_I2C_MspInit                                   build/stm32f3xx_hal_i2c.o
HAL_I2C_SlaveRxCpltCallback                       build/stm32f3xx_hal_i2c.o
HAL_I2C_SlaveTxCpltCallback                       build/stm32f3xx_hal_i2c.o
HAL_I2C_Slave_Receive                             build/stm32f3xx_hal_i2c.o
HAL_I2C_Slave_Receive_DMA                         build/stm32f3xx_hal_i2c.o
HAL_I2C_Slave_Receive_IT                          build/stm32f3xx_hal_i2c.o
HAL_I2C_Slave_Seq_Receive_DMA                     build/stm32f3xx_hal_i2c.o
HAL_I2C_Slave_Seq_Receive_IT                      build/stm32f3xx_hal_i2c.o
HAL_I2C_Slave_Seq_Transmit_DMA                    build/stm32f3xx_hal_i2c.o
HAL_I2C_Slave_Seq_Transmit_IT                     build/stm32f3xx_hal_i2c.o
HAL_I2C_Slave_Transmit                            build/stm32f3xx_hal_i2c.o
HAL_I2C_Slave_Transmit_DMA                        build/stm32f3xx_hal_i2c.o
HAL_I2C_Slave_Transmit_IT                         build/stm32f3xx_hal_i2c.o
HAL_IncTick                                       build/stm32f3xx_hal.o
                                                  build/stm32f3xx_it.o
HAL_Init                                          build/stm32f3xx_hal.o
                                                  build/main.o
HAL_InitTick                                      build/stm32f3xx_hal.o
                                                  build/stm32f3xx_hal_rcc.o
HAL_MPU_ConfigRegion                              build/stm32f3xx_hal_cortex.o
HAL_MPU_Disable                                   build/stm32f3xx_hal_cortex.o
HAL_MPU_Enable                                    build/stm32f3xx_hal_cortex.o
HAL_MspDeInit                                     build/stm32f3xx_hal.o
HAL_MspInit                                       build/stm32f3xx_hal_msp.o
HAL_NVIC_ClearPendingIRQ                          build/stm32f3xx_hal_cortex.o
HAL_NVIC_DisableIRQ                               build/stm32f3xx_hal_cortex.o
                                                  build/stm32f3xx_hal_msp.o
                                                  build/main.o
HAL_NVIC_EnableIRQ                                build/stm32f3xx_hal_cortex.o
                                                  build/stm32f3xx_hal_msp.o
                                                  build/main.o
HAL_NVIC_GetActive                                build/stm32f3xx_hal_cortex.o
HAL_NVIC_GetPendingIRQ                            build/stm32f3xx_hal_cortex.o
HAL_NVIC_GetPriority                              build/stm32f3xx_hal_cortex.o
HAL_NVIC_GetPriorityGrouping                      build/stm32f3xx_hal_cortex.o
HAL_NVIC_SetPendingIRQ                            build/stm32f3xx_hal_cortex.o
HAL_NVIC_SetPriority                              build/stm32f3xx_hal_cortex.o
                                                  build/stm32f3xx_hal.o
                                                  build/stm32f3xx_hal_msp.o
                                                  build/main.o
HAL_NVIC_SetPriorityGrouping                      build/stm32f3xx_hal_cortex.o
                                                  build/stm32f3xx_hal.o
HAL_NVIC_SystemReset                              build/stm32f3xx_hal_cortex.o
HAL_PWR_ConfigPVD                                 build/stm32f3xx_hal_pwr_ex.o
HAL_PWR_DeInit                                    build/stm32f3xx_hal_pwr.o
HAL_PWR_DisableBkUpAccess                         build/stm32f3xx_hal_pwr.o
HAL_PWR_DisablePVD                                build/stm32f3xx_hal_pwr_ex.o
HAL_PWR_DisableSEVOnPend                          build/stm32f3xx_hal_pwr.o
HAL_PWR_DisableSleepOnExit                        build/stm32f3xx_hal_pwr.o
HAL_PWR_DisableWakeUpPin                          build/stm32f3xx_hal_pwr.o
HAL_PWR_EnableBkUpAccess                          build/stm32f3xx_hal_pwr.o
HAL_PWR_EnablePVD                                 build/stm32f3xx_hal_pwr_ex.o
HAL_PWR_EnableSEVOnPend                           build/stm32f3xx_hal_pwr.o
HAL_PWR_EnableSleepOnExit                         build/stm32f3xx_hal_pwr.o
HAL_PWR_EnableWakeUpPin                           build/stm32f3xx_hal_pwr.o
HAL_PWR_EnterSLEEPMode                            build/stm32f3xx_hal_pwr.o
HAL_PWR_EnterSTANDBYMode                          build/stm32f3xx_hal_pwr.o
HAL_PWR_EnterSTOPMode                             build/stm32f3xx_hal_pwr.o
HAL_PWR_PVDCallback                               build/stm32f3xx_hal_pwr_ex.o
HAL_PWR_PVD_IRQHandler                            build/stm32f3xx_hal_pwr_ex.o
HAL_RCCEx_GetPeriphCLKConfig                      build/stm32f3xx_hal_rcc_ex.o
HAL_RCCEx_GetPeriphCLKFreq                        build/stm32f3xx_hal_rcc_ex.o
HAL_RCCEx_PeriphCLKConfig                         build/stm32f3xx_hal_rcc_ex.o
                                                  build/main.o
HAL_RCC_CSSCallback                               build/stm32f3xx_hal_rcc.o
HAL_RCC_ClockConfig                               build/stm32f3xx_hal_rcc.o
                                                  build/main.o
HAL_RCC_DeInit                                    build/stm32f3xx_hal_rcc.o
HAL_RCC_DisableCSS                                build/stm32f3xx_hal_rcc.o
HAL_RCC_EnableCSS                                 build/stm32f3xx_hal_rcc.o
HAL_RCC_GetClockConfig                            build/stm32f3xx_hal_rcc.o
HAL_RCC_GetHCLKFreq                               build/stm32f3xx_hal_rcc.o
HAL_RCC_GetOscConfig                              build/stm32f3xx_hal_rcc.o
HAL_RCC_GetPCLK1Freq                              build/stm32f3xx_hal_rcc.o
                                                  build/stm32f3xx_hal_rcc_ex.o
HAL_RCC_GetPCLK2Freq                              build/stm32f3xx_hal_rcc.o
                                                  build/stm32f3xx_hal_rcc_ex.o
HAL_RCC_GetSysClockFreq                           build/stm32f3xx_hal_rcc.o
                                                  build/stm32f3xx_hal_rcc_ex.o
HAL_RCC_MCOConfig                                 build/stm32f3xx_hal_rcc.o
HAL_RCC_NMI_IRQHandler                            build/stm32f3xx_hal_rcc.o
HAL_RCC_OscConfig                                 build/stm32f3xx_hal_rcc.o
                                                  build/main.o
HAL_ResumeTick                                    build/stm32f3xx_hal.o
HAL_SPIEx_FlushRxFifo                             build/stm32f3xx_hal_spi_ex.o
HAL_SPI_Abort                                     build/stm32f3xx_hal_spi.o
HAL_SPI_AbortCpltCallback                         build/stm32f3xx_hal_spi.o
HAL_SPI_Abort_IT                                  build/stm32f3xx_hal_spi.o
HAL_SPI_DMAPause                                  build/stm32f3xx_hal_spi.o
HAL_SPI_DMAResume                                 build/stm32f3xx_hal_spi.o
HAL_SPI_DMAStop                                   build/stm32f3xx_hal_spi.o
HAL_SPI_DeInit                                    build/stm32f3xx_hal_spi.o
HAL_SPI_ErrorCallback                             build/stm32f3xx_hal_spi.o
HAL_SPI_GetError                                  build/stm32f3xx_hal_spi.o
HAL_SPI_GetState                                  build/stm32f3xx_hal_spi.o
HAL_SPI_IRQHandler                                build/stm32f3xx_hal_spi.o
                                                  build/stm32f3xx_it.o
HAL_SPI_Init                                      build/stm32f3xx_hal_spi.o
                                                  build/main.o
HAL_SPI_MspDeInit                                 build/stm32f3xx_hal_msp.o
HAL_SPI_MspInit                                   build/stm32f3xx_hal_msp.o
HAL_SPI_Receive                                   build/stm32f3xx_hal_spi.o
HAL_SPI_Receive_DMA                               build/stm32f3xx_hal_spi.o
HAL_SPI_Receive_IT                                build/stm32f3xx_hal_spi.o
HAL_SPI_RxCpltCallback                            build/stm32f3xx_hal_spi.o
HAL_SPI_RxHalfCpltCallback                        build/stm32f3xx_hal_spi.o
HAL_SPI_Transmit                                  build/stm32f3xx_hal_spi.o
HAL_SPI_TransmitReceive                           build/stm32f3xx_hal_spi.o
HAL_SPI_TransmitReceive_DMA                       build/stm32f3xx_hal_spi.o
HAL_SPI_TransmitReceive_IT                        build/stm32f3xx_hal_spi.o
HAL_SPI_Transmit_DMA                              build/stm32f3xx_hal_spi.o
                                                  build/main.o
HAL_SPI_Transmit_IT                               build/stm32f3xx_hal_spi.o
HAL_SPI_TxCpltCallback                            build/stm32f3xx_hal_spi.o
HAL_SPI_TxHalfCpltCallback                        build/stm32f3xx_hal_spi.o
HAL_SPI_TxRxCpltCallback                          build/stm32f3xx_hal_spi.o
HAL_SPI_TxRxHalfCpltCallback                      build/stm32f3xx_hal_spi.o
HAL_SYSTICK_CLKSourceConfig                       build/stm32f3xx_hal_cortex.o
HAL_SYSTICK_Callback                              build/stm32f3xx_hal_cortex.o
HAL_SYSTICK_Config                                build/stm32f3xx_hal_cortex.o
                                                  build/stm32f3xx_hal.o
HAL_SYSTICK_IRQHandler                            build/stm32f3xx_hal_cortex.o
HAL_SetTickFreq                                   build/stm32f3xx_hal.o
HAL_SuspendTick                                   build/stm32f3xx_hal.o
HAL_TIMEx_Break2Callback                          build/stm32f3xx_hal_tim_ex.o
                                                  build/stm32f3xx_hal_tim.o
HAL_TIMEx_BreakCallback                           build/stm32f3xx_hal_tim_ex.o
                                                  build/stm32f3xx_hal_tim.o
HAL_TIMEx_CommutCallback                          build/stm32f3xx_hal_tim_ex.o
                                                  build/stm32f3xx_hal_tim.o
HAL_TIMEx_CommutHalfCpltCallback                  build/stm32f3xx_hal_tim_ex.o
HAL_TIMEx_ConfigBreakDeadTime                     build/stm32f3xx_hal_tim_ex.o
HAL_TIMEx_ConfigCommutEvent                       build/stm32f3xx_hal_tim_ex.o
HAL_TIMEx_ConfigCommutEvent_DMA                   build/stm32f3xx_hal_tim_ex.o
HAL_TIMEx_ConfigCommutEvent_IT                    build/stm32f3xx_hal_tim_ex.o
HAL_TIMEx_GetChannelNState                        build/stm32f3xx_hal_tim_ex.o
HAL_TIMEx_GroupChannel5                           build/stm32f3xx_hal_tim_ex.o
HAL_TIMEx_HallSensor_DeInit                       build/stm32f3xx_hal_tim_ex.o
HAL_TIMEx_HallSensor_GetState                     build/stm32f3xx_hal_tim_ex.o
HAL_TIMEx_HallSensor_Init                         build/stm32f3xx_hal_tim_ex.o
HAL_TIMEx_HallSensor_MspDeInit                    build/stm32f3xx_hal_tim_ex.o
HAL_TIMEx_HallSensor_MspInit                      build/stm32f3xx_hal_tim_ex.o
HAL_TIMEx_HallSensor_Start                        build/stm32f3xx_hal_tim_ex.o
HAL_TIMEx_HallSensor_Start_DMA                    build/stm32f3xx_hal_tim_ex.o
HAL_TIMEx_HallSensor_Start_IT                     build/stm32f3xx_hal_tim_ex.o
HAL_TIMEx_HallSensor_Stop                         build/stm32f3xx_hal_tim_ex.o
HAL_TIMEx_HallSensor_Stop_DMA                     build/stm32f3xx_hal_tim_ex.o
HAL_TIMEx_HallSensor_Stop_IT                      build/stm32f3xx_hal_tim_ex.o
HAL_TIMEx_MasterConfigSynchronization             build/stm32f3xx_hal_tim_ex.o
                                                  build/main.o
HAL_TIMEx_OCN_Start                               build/stm32f3xx_hal_tim_ex.o
HAL_TIMEx_OCN_Start_DMA                           build/stm32f3xx_hal_tim_ex.o
HAL_TIMEx_OCN_Start_IT                            build/stm32f3xx_hal_tim_ex.o
HAL_TIMEx_OCN_Stop                                build/stm32f3xx_hal_tim_ex.o
HAL_TIMEx_OCN_Stop_DMA                            build/stm32f3xx_hal_tim_ex.o
HAL_TIMEx_OCN_Stop_IT                             build/stm32f3xx_hal_tim_ex.o
HAL_TIMEx_OnePulseN_Start                         build/stm32f3xx_hal_tim_ex.o
HAL_TIMEx_OnePulseN_Start_IT                      build/stm32f3xx_hal_tim_ex.o
HAL_TIMEx_OnePulseN_Stop                          build/stm32f3xx_hal_tim_ex.o
HAL_TIMEx_OnePulseN_Stop_IT                       build/stm32f3xx_hal_tim_ex.o
HAL_TIMEx_PWMN_Start                              build/stm32f3xx_hal_tim_ex.o
HAL_TIMEx_PWMN_Start_DMA                          build/stm32f3xx_hal_tim_ex.o
HAL_TIMEx_PWMN_Start_IT                           build/stm32f3xx_hal_tim_ex.o
HAL_TIMEx_PWMN_Stop                               build/stm32f3xx_hal_tim_ex.o
HAL_TIMEx_PWMN_Stop_DMA                           build/stm32f3xx_hal_tim_ex.o
HAL_TIMEx_PWMN_Stop_IT                            build/stm32f3xx_hal_tim_ex.o
HAL_TIMEx_RemapConfig                             build/stm32f3xx_hal_tim_ex.o
HAL_TIM_Base_DeInit                               build/stm32f3xx_hal_tim.o
HAL_TIM_Base_GetState                             build/stm32f3xx_hal_tim.o
HAL_TIM_Base_Init                                 build/stm32f3xx_hal_tim.o
                                                  build/main.o
HAL_TIM_Base_MspDeInit                            build/stm32f3xx_hal_msp.o
HAL_TIM_Base_MspInit                              build/stm32f3xx_hal_msp.o
HAL_TIM_Base_Start                                build/stm32f3xx_hal_tim.o
                                                  build/main.o
HAL_TIM_Base_Start_DMA                            build/stm32f3xx_hal_tim.o
HAL_TIM_Base_Start_IT                             build/stm32f3xx_hal_tim.o
                                                  build/main.o
HAL_TIM_Base_Stop                                 build/stm32f3xx_hal_tim.o
HAL_TIM_Base_Stop_DMA                             build/stm32f3xx_hal_tim.o
HAL_TIM_Base_Stop_IT                              build/stm32f3xx_hal_tim.o
HAL_TIM_ConfigClockSource                         build/stm32f3xx_hal_tim.o
                                                  build/main.o
HAL_TIM_ConfigOCrefClear                          build/stm32f3xx_hal_tim.o
HAL_TIM_ConfigTI1Input                            build/stm32f3xx_hal_tim.o
HAL_TIM_DMABurstState                             build/stm32f3xx_hal_tim.o
HAL_TIM_DMABurst_MultiReadStart                   build/stm32f3xx_hal_tim.o
HAL_TIM_DMABurst_MultiWriteStart                  build/stm32f3xx_hal_tim.o
HAL_TIM_DMABurst_ReadStart                        build/stm32f3xx_hal_tim.o
HAL_TIM_DMABurst_ReadStop                         build/stm32f3xx_hal_tim.o
HAL_TIM_DMABurst_WriteStart                       build/stm32f3xx_hal_tim.o
HAL_TIM_DMABurst_WriteStop                        build/stm32f3xx_hal_tim.o
HAL_TIM_Encoder_DeInit                            build/stm32f3xx_hal_tim.o
HAL_TIM_Encoder_GetState                          build/stm32f3xx_hal_tim.o
HAL_TIM_Encoder_Init                              build/stm32f3xx_hal_tim.o
HAL_TIM_Encoder_MspDeInit                         build/stm32f3xx_hal_tim.o
HAL_TIM_Encoder_MspInit                           build/stm32f3xx_hal_tim.o
HAL_TIM_Encoder_Start                             build/stm32f3xx_hal_tim.o
HAL_TIM_Encoder_Start_DMA                         build/stm32f3xx_hal_tim.o
HAL_TIM_Encoder_Start_IT                          build/stm32f3xx_hal_tim.o
HAL_TIM_Encoder_Stop                              build/stm32f3xx_hal_tim.o
HAL_TIM_Encoder_Stop_DMA                          build/stm32f3xx_hal_tim.o
HAL_TIM_Encoder_Stop_IT                           build/stm32f3xx_hal_tim.o
HAL_TIM_ErrorCallback                             build/stm32f3xx_hal_tim.o
                                                  build/stm32f3xx_hal_tim_ex.o
HAL_TIM_GenerateEvent                             build/stm32f3xx_hal_tim.o
HAL_TIM_GetActiveChannel                          build/stm32f3xx_hal_tim.o
HAL_TIM_GetChannelState                           build/stm32f3xx_hal_tim.o
HAL_TIM_IC_CaptureCallback                        build/stm32f3xx_hal_tim.o
HAL_TIM_IC_CaptureHalfCpltCallback                build/stm32f3xx_hal_tim.o
HAL_TIM_IC_ConfigChannel                          build/stm32f3xx_hal_tim.o
HAL_TIM_IC_DeInit                                 build/stm32f3xx_hal_tim.o
HAL_TIM_IC_GetState                               build/stm32f3xx_hal_tim.o
HAL_TIM_IC_Init                                   build/stm32f3xx_hal_tim.o
HAL_TIM_IC_MspDeInit                              build/stm32f3xx_hal_tim.o
HAL_TIM_IC_MspInit                                build/stm32f3xx_hal_tim.o
HAL_TIM_IC_Start                                  build/stm32f3xx_hal_tim.o
HAL_TIM_IC_Start_DMA                              build/stm32f3xx_hal_tim.o
HAL_TIM_IC_Start_IT                               build/stm32f3xx_hal_tim.o
HAL_TIM_IC_Stop                                   build/stm32f3xx_hal_tim.o
HAL_TIM_IC_Stop_DMA                               build/stm32f3xx_hal_tim.o
HAL_TIM_IC_Stop_IT                                build/stm32f3xx_hal_tim.o
HAL_TIM_IRQHandler                                build/stm32f3xx_hal_tim.o
                                                  build/stm32f3xx_it.o
HAL_TIM_OC_ConfigChannel                          build/stm32f3xx_hal_tim.o
HAL_TIM_OC_DeInit                                 build/stm32f3xx_hal_tim.o
HAL_TIM_OC_DelayElapsedCallback                   build/stm32f3xx_hal_tim.o
HAL_TIM_OC_GetState                               build/stm32f3xx_hal_tim.o
HAL_TIM_OC_Init                                   build/stm32f3xx_hal_tim.o
HAL_TIM_OC_MspDeInit                              build/stm32f3xx_hal_tim.o
HAL_TIM_OC_MspInit                                build/stm32f3xx_hal_tim.o
HAL_TIM_OC_Start                                  build/stm32f3xx_hal_tim.o
HAL_TIM_OC_Start_DMA                              build/stm32f3xx_hal_tim.o
HAL_TIM_OC_Start_IT                               build/stm32f3xx_hal_tim.o
HAL_TIM_OC_Stop                                   build/stm32f3xx_hal_tim.o
HAL_TIM_OC_Stop_DMA                               build/stm32f3xx_hal_tim.o
HAL_TIM_OC_Stop_IT                                build/stm32f3xx_hal_tim.o
HAL_TIM_OnePulse_ConfigChannel                    build/stm32f3xx_hal_tim.o
HAL_TIM_OnePulse_DeInit                           build/stm32f3xx_hal_tim.o
HAL_TIM_OnePulse_GetState                         build/stm32f3xx_hal_tim.o
HAL_TIM_OnePulse_Init                             build/stm32f3xx_hal_tim.o
HAL_TIM_OnePulse_MspDeInit                        build/stm32f3xx_hal_tim.o
HAL_TIM_OnePulse_MspInit                          build/stm32f3xx_hal_tim.o
HAL_TIM_OnePulse_Start                            build/stm32f3xx_hal_tim.o
HAL_TIM_OnePulse_Start_IT                         build/stm32f3xx_hal_tim.o
HAL_TIM_OnePulse_Stop                             build/stm32f3xx_hal_tim.o
HAL_TIM_OnePulse_Stop_IT                          build/stm32f3xx_hal_tim.o
HAL_TIM_PWM_ConfigChannel                         build/stm32f3xx_hal_tim.o
HAL_TIM_PWM_DeInit                                build/stm32f3xx_hal_tim.o
HAL_TIM_PWM_GetState                              build/stm32f3xx_hal_tim.o
HAL_TIM_PWM_Init                                  build/stm32f3xx_hal_tim.o
HAL_TIM_PWM_MspDeInit                             build/stm32f3xx_hal_tim.o
HAL_TIM_PWM_MspInit                               build/stm32f3xx_hal_tim.o
HAL_TIM_PWM_PulseFinishedCallback                 build/stm32f3xx_hal_tim.o
                                                  build/stm32f3xx_hal_tim_ex.o
HAL_TIM_PWM_PulseFinishedHalfCpltCallback         build/stm32f3xx_hal_tim.o
HAL_TIM_PWM_Start                                 build/stm32f3xx_hal_tim.o
HAL_TIM_PWM_Start_DMA                             build/stm32f3xx_hal_tim.o
HAL_TIM_PWM_Start_IT                              build/stm32f3xx_hal_tim.o
HAL_TIM_PWM_Stop                                  build/stm32f3xx_hal_tim.o
HAL_TIM_PWM_Stop_DMA                              build/stm32f3xx_hal_tim.o
HAL_TIM_PWM_Stop_IT                               build/stm32f3xx_hal_tim.o
HAL_TIM_PeriodElapsedCallback                     build/main.o
HAL_TIM_PeriodElapsedHalfCpltCallback             build/stm32f3xx_hal_tim.o
HAL_TIM_ReadCapturedValue                         build/stm32f3xx_hal_tim.o
HAL_TIM_SlaveConfigSynchro                        build/stm32f3xx_hal_tim.o
HAL_TIM_SlaveConfigSynchro_IT                     build/stm32f3xx_hal_tim.o
HAL_TIM_TriggerCallback                           build/stm32f3xx_hal_tim.o
HAL_TIM_TriggerHalfCpltCallback                   build/stm32f3xx_hal_tim.o
HardFault_Handler                                 build/stm32f3xx_it.o
I2C1_ER_IRQHandler                                build/startup_stm32f303xe.o
I2C1_EV_IRQHandler                                build/startup_stm32f303xe.o
I2C2_ER_IRQHandler                                build/startup_stm32f303xe.o
I2C2_EV_IRQHandler                                build/startup_stm32f303xe.o
I2C3_ER_IRQHandler                                build/startup_stm32f303xe.o
I2C3_EV_IRQHandler                                build/startup_stm32f303xe.o
MemManage_Handler                                 build/stm32f3xx_it.o
NMI_Handler                                       build/stm32f3xx_it.o
PVD_IRQHandler                                    build/startup_stm32f303xe.o
PendSV_Handler                                    build/stm32f3xx_it.o
RCC_IRQHandler                                    build/startup_stm32f303xe.o
RTC_Alarm_IRQHandler                              build/startup_stm32f303xe.o
RTC_WKUP_IRQHandler                               build/startup_stm32f303xe.o
Reset_Handler                                     build/startup_stm32f303xe.o
SPI1_IRQHandler                                   build/stm32f3xx_it.o
SPI2_IRQHandler                                   build/startup_stm32f303xe.o
SPI3_IRQHandler                                   build/startup_stm32f303xe.o
SPI4_IRQHandler                                   build/startup_stm32f303xe.o
SVC_Handler                                       build/stm32f3xx_it.o
SysTick_Handler                                   build/stm32f3xx_it.o
SystemClock_Config                                build/main.o
SystemCoreClock                                   build/system_stm32f3xx.o
                                                  build/stm32f3xx_hal_spi.o
                                                  build/stm32f3xx_hal_rcc_ex.o
                                                  build/stm32f3xx_hal_rcc.o
                                                  build/stm32f3xx_hal.o
SystemCoreClockUpdate                             build/system_stm32f3xx.o
SystemInit                                        build/system_stm32f3xx.o
                                                  build/startup_stm32f303xe.o
TAMP_STAMP_IRQHandler                             build/startup_stm32f303xe.o
TIM1_BRK_TIM15_IRQHandler                         build/startup_stm32f303xe.o
TIM1_CC_IRQHandler                                build/startup_stm32f303xe.o
TIM1_TRG_COM_TIM17_IRQHandler                     build/startup_stm32f303xe.o
TIM1_UP_TIM16_IRQHandler                          build/stm32f3xx_it.o
TIM20_BRK_IRQHandler                              build/startup_stm32f303xe.o
TIM20_CC_IRQHandler                               build/startup_stm32f303xe.o
TIM20_TRG_COM_IRQHandler                          build/startup_stm32f303xe.o
TIM20_UP_IRQHandler                               build/startup_stm32f303xe.o
TIM2_IRQHandler                                   build/startup_stm32f303xe.o
TIM3_IRQHandler                                   build/startup_stm32f303xe.o
TIM4_IRQHandler                                   build/startup_stm32f303xe.o
TIM6_DAC_IRQHandler                               build/startup_stm32f303xe.o
TIM7_IRQHandler                                   build/startup_stm32f303xe.o
TIM8_BRK_IRQHandler                               build/startup_stm32f303xe.o
TIM8_CC_IRQHandler                                build/startup_stm32f303xe.o
TIM8_TRG_COM_IRQHandler                           build/startup_stm32f303xe.o
TIM8_UP_IRQHandler                                build/startup_stm32f303xe.o
TIMEx_DMACommutationCplt                          build/stm32f3xx_hal_tim_ex.o
                                                  build/stm32f3xx_hal_tim.o
TIMEx_DMACommutationHalfCplt                      build/stm32f3xx_hal_tim_ex.o
                                                  build/stm32f3xx_hal_tim.o
TIM_Base_SetConfig                                build/stm32f3xx_hal_tim.o
                                                  build/stm32f3xx_hal_tim_ex.o
TIM_CCxChannelCmd                                 build/stm32f3xx_hal_tim.o
                                                  build/stm32f3xx_hal_tim_ex.o
TIM_DMACaptureCplt                                build/stm32f3xx_hal_tim.o
                                                  build/stm32f3xx_hal_tim_ex.o
TIM_DMACaptureHalfCplt                            build/stm32f3xx_hal_tim.o
                                                  build/stm32f3xx_hal_tim_ex.o
TIM_DMADelayPulseHalfCplt                         build/stm32f3xx_hal_tim.o
                                                  build/stm32f3xx_hal_tim_ex.o
TIM_DMAError                                      build/stm32f3xx_hal_tim.o
                                                  build/stm32f3xx_hal_tim_ex.o
TIM_ETR_SetConfig                                 build/stm32f3xx_hal_tim.o
TIM_OC2_SetConfig                                 build/stm32f3xx_hal_tim.o
                                                  build/stm32f3xx_hal_tim_ex.o
TIM_TI1_SetConfig                                 build/stm32f3xx_hal_tim.o
                                                  build/stm32f3xx_hal_tim_ex.o
UART4_IRQHandler                                  build/startup_stm32f303xe.o
UART5_IRQHandler                                  build/startup_stm32f303xe.o
USART1_IRQHandler                                 build/startup_stm32f303xe.o
USART2_IRQHandler                                 build/startup_stm32f303xe.o
USART3_IRQHandler                                 build/startup_stm32f303xe.o
USBWakeUp_IRQHandler                              build/startup_stm32f303xe.o
USBWakeUp_RMP_IRQHandler                          build/startup_stm32f303xe.o
USB_HP_CAN_TX_IRQHandler                          build/startup_stm32f303xe.o
USB_HP_IRQHandler                                 build/startup_stm32f303xe.o
USB_LP_CAN_RX0_IRQHandler                         build/startup_stm32f303xe.o
USB_LP_IRQHandler                                 build/startup_stm32f303xe.o
UsageFault_Handler                                build/stm32f3xx_it.o
WWDG_IRQHandler                                   build/startup_stm32f303xe.o
_ITM_deregisterTMCloneTable                       /usr/lib/gcc/arm-none-eabi/8.3.1/thumb/v7e-m+fp/hard/crtbegin.o
_ITM_registerTMCloneTable                         /usr/lib/gcc/arm-none-eabi/8.3.1/thumb/v7e-m+fp/hard/crtbegin.o
__TMC_END__                                       /usr/lib/gcc/arm-none-eabi/8.3.1/thumb/v7e-m+fp/hard/crtend.o
                                                  /usr/lib/gcc/arm-none-eabi/8.3.1/thumb/v7e-m+fp/hard/crtbegin.o
__atexit_dummy                                    /usr/lib/gcc/arm-none-eabi/8.3.1/../../../arm-none-eabi/lib/thumb/v7e-m+fp/hard/libc_nano.a(lib_a-__atexit.o)
__bss_end__                                       /usr/lib/gcc/arm-none-eabi/8.3.1/../../../arm-none-eabi/lib/thumb/v7e-m+fp/hard/crt0.o
__bss_start__                                     /usr/lib/gcc/arm-none-eabi/8.3.1/../../../arm-none-eabi/lib/thumb/v7e-m+fp/hard/crt0.o
__call_exitprocs                                  /usr/lib/gcc/arm-none-eabi/8.3.1/../../../arm-none-eabi/lib/thumb/v7e-m+fp/hard/libc_nano.a(lib_a-__call_atexit.o)
                                                  /usr/lib/gcc/arm-none-eabi/8.3.1/../../../arm-none-eabi/lib/thumb/v7e-m+fp/hard/libc_nano.a(lib_a-__atexit.o)
                                                  /usr/lib/gcc/arm-none-eabi/8.3.1/../../../arm-none-eabi/lib/thumb/v7e-m+fp/hard/libc_nano.a(lib_a-exit.o)
__deregister_frame_info                           /usr/lib/gcc/arm-none-eabi/8.3.1/thumb/v7e-m+fp/hard/crtbegin.o
__dso_handle                                      /usr/lib/gcc/arm-none-eabi/8.3.1/thumb/v7e-m+fp/hard/crtbegin.o
__fini_array_end                                  /usr/lib/gcc/arm-none-eabi/8.3.1/../../../arm-none-eabi/lib/thumb/v7e-m+fp/hard/libc_nano.a(lib_a-fini.o)
__fini_array_start                                /usr/lib/gcc/arm-none-eabi/8.3.1/../../../arm-none-eabi/lib/thumb/v7e-m+fp/hard/libc_nano.a(lib_a-fini.o)
__init_array_end                                  /usr/lib/gcc/arm-none-eabi/8.3.1/../../../arm-none-eabi/lib/thumb/v7e-m+fp/hard/libc_nano.a(lib_a-init.o)
__init_array_start                                /usr/lib/gcc/arm-none-eabi/8.3.1/../../../arm-none-eabi/lib/thumb/v7e-m+fp/hard/libc_nano.a(lib_a-init.o)
__libc_fini_array                                 /usr/lib/gcc/arm-none-eabi/8.3.1/../../../arm-none-eabi/lib/thumb/v7e-m+fp/hard/libc_nano.a(lib_a-fini.o)
                                                  /usr/lib/gcc/arm-none-eabi/8.3.1/../../../arm-none-eabi/lib/thumb/v7e-m+fp/hard/crt0.o
__libc_init_array                                 /usr/lib/gcc/arm-none-eabi/8.3.1/../../../arm-none-eabi/lib/thumb/v7e-m+fp/hard/libc_nano.a(lib_a-init.o)
                                                  build/startup_stm32f303xe.o
                                                  /usr/lib/gcc/arm-none-eabi/8.3.1/../../../arm-none-eabi/lib/thumb/v7e-m+fp/hard/crt0.o
__on_exit_args                                    /usr/lib/gcc/arm-none-eabi/8.3.1/../../../arm-none-eabi/lib/thumb/v7e-m+fp/hard/libc_nano.a(lib_a-__atexit.o)
__preinit_array_end                               /usr/lib/gcc/arm-none-eabi/8.3.1/../../../arm-none-eabi/lib/thumb/v7e-m+fp/hard/libc_nano.a(lib_a-init.o)
__preinit_array_start                             /usr/lib/gcc/arm-none-eabi/8.3.1/../../../arm-none-eabi/lib/thumb/v7e-m+fp/hard/libc_nano.a(lib_a-init.o)
__register_exitproc                               /usr/lib/gcc/arm-none-eabi/8.3.1/../../../arm-none-eabi/lib/thumb/v7e-m+fp/hard/libc_nano.a(lib_a-__atexit.o)
                                                  /usr/lib/gcc/arm-none-eabi/8.3.1/../../../arm-none-eabi/lib/thumb/v7e-m+fp/hard/libc_nano.a(lib_a-atexit.o)
__register_frame_info                             /usr/lib/gcc/arm-none-eabi/8.3.1/thumb/v7e-m+fp/hard/crtbegin.o
__sf_fake_stderr                                  /usr/lib/gcc/arm-none-eabi/8.3.1/../../../arm-none-eabi/lib/thumb/v7e-m+fp/hard/libc_nano.a(lib_a-impure.o)
__sf_fake_stdin                                   /usr/lib/gcc/arm-none-eabi/8.3.1/../../../arm-none-eabi/lib/thumb/v7e-m+fp/hard/libc_nano.a(lib_a-impure.o)
__sf_fake_stdout                                  /usr/lib/gcc/arm-none-eabi/8.3.1/../../../arm-none-eabi/lib/thumb/v7e-m+fp/hard/libc_nano.a(lib_a-impure.o)
__stack                                           /usr/lib/gcc/arm-none-eabi/8.3.1/../../../arm-none-eabi/lib/thumb/v7e-m+fp/hard/crt0.o
_ebss                                             build/startup_stm32f303xe.o
_edata                                            build/startup_stm32f303xe.o
_estack                                           build/startup_stm32f303xe.o
_exit                                             /usr/lib/gcc/arm-none-eabi/8.3.1/../../../arm-none-eabi/lib/thumb/v7e-m+fp/hard/libnosys.a(_exit.o)
                                                  /usr/lib/gcc/arm-none-eabi/8.3.1/../../../arm-none-eabi/lib/thumb/v7e-m+fp/hard/libc_nano.a(lib_a-exit.o)
_fini                                             /usr/lib/gcc/arm-none-eabi/8.3.1/thumb/v7e-m+fp/hard/crti.o
                                                  /usr/lib/gcc/arm-none-eabi/8.3.1/../../../arm-none-eabi/lib/thumb/v7e-m+fp/hard/libc_nano.a(lib_a-fini.o)
_global_atexit                                    /usr/lib/gcc/arm-none-eabi/8.3.1/../../../arm-none-eabi/lib/thumb/v7e-m+fp/hard/libc_nano.a(lib_a-__call_atexit.o)
                                                  /usr/lib/gcc/arm-none-eabi/8.3.1/../../../arm-none-eabi/lib/thumb/v7e-m+fp/hard/libc_nano.a(lib_a-__atexit.o)
_global_impure_ptr                                /usr/lib/gcc/arm-none-eabi/8.3.1/../../../arm-none-eabi/lib/thumb/v7e-m+fp/hard/libc_nano.a(lib_a-impure.o)
                                                  /usr/lib/gcc/arm-none-eabi/8.3.1/../../../arm-none-eabi/lib/thumb/v7e-m+fp/hard/libc_nano.a(lib_a-exit.o)
_impure_ptr                                       /usr/lib/gcc/arm-none-eabi/8.3.1/../../../arm-none-eabi/lib/thumb/v7e-m+fp/hard/libc_nano.a(lib_a-impure.o)
_init                                             /usr/lib/gcc/arm-none-eabi/8.3.1/thumb/v7e-m+fp/hard/crti.o
                                                  /usr/lib/gcc/arm-none-eabi/8.3.1/../../../arm-none-eabi/lib/thumb/v7e-m+fp/hard/libc_nano.a(lib_a-init.o)
_mainCRTStartup                                   /usr/lib/gcc/arm-none-eabi/8.3.1/../../../arm-none-eabi/lib/thumb/v7e-m+fp/hard/crt0.o
_sbss                                             build/startup_stm32f303xe.o
_sdata                                            build/startup_stm32f303xe.o
_sidata                                           build/startup_stm32f303xe.o
_stack_init                                       /usr/lib/gcc/arm-none-eabi/8.3.1/../../../arm-none-eabi/lib/thumb/v7e-m+fp/hard/crt0.o
_start                                            /usr/lib/gcc/arm-none-eabi/8.3.1/../../../arm-none-eabi/lib/thumb/v7e-m+fp/hard/crt0.o
atexit                                            /usr/lib/gcc/arm-none-eabi/8.3.1/../../../arm-none-eabi/lib/thumb/v7e-m+fp/hard/libc_nano.a(lib_a-atexit.o)
                                                  /usr/lib/gcc/arm-none-eabi/8.3.1/../../../arm-none-eabi/lib/thumb/v7e-m+fp/hard/crt0.o